Archive member included to satisfy reference by file (symbol)

c:/mounriver/mounriver_studio/toolchain/risc-v embedded gcc/bin/../lib/gcc/riscv-none-embed/8.2.0/../../../../riscv-none-embed/lib/rv32imafc/ilp32f\libm.a(lib_a-s_cos.o)
                              ./zf_device/zf_device_gps_tau1201.o (cos)
c:/mounriver/mounriver_studio/toolchain/risc-v embedded gcc/bin/../lib/gcc/riscv-none-embed/8.2.0/../../../../riscv-none-embed/lib/rv32imafc/ilp32f\libm.a(lib_a-s_sin.o)
                              ./zf_device/zf_device_gps_tau1201.o (sin)
c:/mounriver/mounriver_studio/toolchain/risc-v embedded gcc/bin/../lib/gcc/riscv-none-embed/8.2.0/../../../../riscv-none-embed/lib/rv32imafc/ilp32f\libm.a(lib_a-w_asin.o)
                              ./zf_device/zf_device_gps_tau1201.o (asin)
c:/mounriver/mounriver_studio/toolchain/risc-v embedded gcc/bin/../lib/gcc/riscv-none-embed/8.2.0/../../../../riscv-none-embed/lib/rv32imafc/ilp32f\libm.a(lib_a-w_atan2.o)
                              ./zf_device/zf_device_gps_tau1201.o (atan2)
c:/mounriver/mounriver_studio/toolchain/risc-v embedded gcc/bin/../lib/gcc/riscv-none-embed/8.2.0/../../../../riscv-none-embed/lib/rv32imafc/ilp32f\libm.a(lib_a-w_pow.o)
                              ./zf_device/zf_device_gps_tau1201.o (pow)
c:/mounriver/mounriver_studio/toolchain/risc-v embedded gcc/bin/../lib/gcc/riscv-none-embed/8.2.0/../../../../riscv-none-embed/lib/rv32imafc/ilp32f\libm.a(lib_a-w_sqrt.o)
                              ./zf_device/zf_device_gps_tau1201.o (sqrt)
c:/mounriver/mounriver_studio/toolchain/risc-v embedded gcc/bin/../lib/gcc/riscv-none-embed/8.2.0/../../../../riscv-none-embed/lib/rv32imafc/ilp32f\libm.a(lib_a-e_asin.o)
                              c:/mounriver/mounriver_studio/toolchain/risc-v embedded gcc/bin/../lib/gcc/riscv-none-embed/8.2.0/../../../../riscv-none-embed/lib/rv32imafc/ilp32f\libm.a(lib_a-w_asin.o) (__ieee754_asin)
c:/mounriver/mounriver_studio/toolchain/risc-v embedded gcc/bin/../lib/gcc/riscv-none-embed/8.2.0/../../../../riscv-none-embed/lib/rv32imafc/ilp32f\libm.a(lib_a-e_atan2.o)
                              c:/mounriver/mounriver_studio/toolchain/risc-v embedded gcc/bin/../lib/gcc/riscv-none-embed/8.2.0/../../../../riscv-none-embed/lib/rv32imafc/ilp32f\libm.a(lib_a-w_atan2.o) (__ieee754_atan2)
c:/mounriver/mounriver_studio/toolchain/risc-v embedded gcc/bin/../lib/gcc/riscv-none-embed/8.2.0/../../../../riscv-none-embed/lib/rv32imafc/ilp32f\libm.a(lib_a-e_pow.o)
                              c:/mounriver/mounriver_studio/toolchain/risc-v embedded gcc/bin/../lib/gcc/riscv-none-embed/8.2.0/../../../../riscv-none-embed/lib/rv32imafc/ilp32f\libm.a(lib_a-w_pow.o) (__ieee754_pow)
c:/mounriver/mounriver_studio/toolchain/risc-v embedded gcc/bin/../lib/gcc/riscv-none-embed/8.2.0/../../../../riscv-none-embed/lib/rv32imafc/ilp32f\libm.a(lib_a-e_rem_pio2.o)
                              c:/mounriver/mounriver_studio/toolchain/risc-v embedded gcc/bin/../lib/gcc/riscv-none-embed/8.2.0/../../../../riscv-none-embed/lib/rv32imafc/ilp32f\libm.a(lib_a-s_cos.o) (__ieee754_rem_pio2)
c:/mounriver/mounriver_studio/toolchain/risc-v embedded gcc/bin/../lib/gcc/riscv-none-embed/8.2.0/../../../../riscv-none-embed/lib/rv32imafc/ilp32f\libm.a(lib_a-e_sqrt.o)
                              c:/mounriver/mounriver_studio/toolchain/risc-v embedded gcc/bin/../lib/gcc/riscv-none-embed/8.2.0/../../../../riscv-none-embed/lib/rv32imafc/ilp32f\libm.a(lib_a-w_sqrt.o) (__ieee754_sqrt)
c:/mounriver/mounriver_studio/toolchain/risc-v embedded gcc/bin/../lib/gcc/riscv-none-embed/8.2.0/../../../../riscv-none-embed/lib/rv32imafc/ilp32f\libm.a(lib_a-k_cos.o)
                              c:/mounriver/mounriver_studio/toolchain/risc-v embedded gcc/bin/../lib/gcc/riscv-none-embed/8.2.0/../../../../riscv-none-embed/lib/rv32imafc/ilp32f\libm.a(lib_a-s_cos.o) (__kernel_cos)
c:/mounriver/mounriver_studio/toolchain/risc-v embedded gcc/bin/../lib/gcc/riscv-none-embed/8.2.0/../../../../riscv-none-embed/lib/rv32imafc/ilp32f\libm.a(lib_a-k_rem_pio2.o)
                              c:/mounriver/mounriver_studio/toolchain/risc-v embedded gcc/bin/../lib/gcc/riscv-none-embed/8.2.0/../../../../riscv-none-embed/lib/rv32imafc/ilp32f\libm.a(lib_a-e_rem_pio2.o) (__kernel_rem_pio2)
c:/mounriver/mounriver_studio/toolchain/risc-v embedded gcc/bin/../lib/gcc/riscv-none-embed/8.2.0/../../../../riscv-none-embed/lib/rv32imafc/ilp32f\libm.a(lib_a-k_sin.o)
                              c:/mounriver/mounriver_studio/toolchain/risc-v embedded gcc/bin/../lib/gcc/riscv-none-embed/8.2.0/../../../../riscv-none-embed/lib/rv32imafc/ilp32f\libm.a(lib_a-s_cos.o) (__kernel_sin)
c:/mounriver/mounriver_studio/toolchain/risc-v embedded gcc/bin/../lib/gcc/riscv-none-embed/8.2.0/../../../../riscv-none-embed/lib/rv32imafc/ilp32f\libm.a(lib_a-s_atan.o)
[...]
Memory Configuration

Name             Origin             Length             Attributes
RAM              0x0000000020000040 0x000000000000fc00 xrw
FLASH            0x0000000000000000 0x0000000000040000 xr
*default*        0x0000000000000000 0xffffffffffffffff

Linker script and memory map

LOAD ./zf_driver/zf_driver_adc.o
LOAD ./zf_driver/zf_driver_delay.o
LOAD ./zf_driver/zf_driver_dvp.o
LOAD ./zf_driver/zf_driver_encoder.o
LOAD ./zf_driver/zf_driver_exti.o
LOAD ./zf_driver/zf_driver_flash.o
LOAD ./zf_driver/zf_driver_gpio.o
LOAD ./zf_driver/zf_driver_iic.o
LOAD ./zf_driver/zf_driver_pit.o
LOAD ./zf_driver/zf_driver_pwm.o
LOAD ./zf_driver/zf_driver_soft_iic.o
LOAD ./zf_driver/zf_driver_soft_spi.o
LOAD ./zf_driver/zf_driver_spi.o
LOAD ./zf_driver/zf_driver_timer.o
LOAD ./zf_driver/zf_driver_uart.o
LOAD ./zf_driver/zf_driver_usb_cdc.o
LOAD ./zf_device/zf_device_absolute_encoder.o
LOAD ./zf_device/zf_device_aht20.o
LOAD ./zf_device/zf_device_bluetooth_ch9141.o
LOAD ./zf_device/zf_device_camera.o
LOAD ./zf_device/zf_device_detector.o
LOAD ./zf_device/zf_device_dl1a.o
LOAD ./zf_device/zf_device_dl1b.o
LOAD ./zf_device/zf_device_dm1xa.o
LOAD ./zf_device/zf_device_gps_tau1201.o
LOAD ./zf_device/zf_device_icm20602.o
LOAD ./zf_device/zf_device_imu660ra.o
LOAD ./zf_device/zf_device_imu963ra.o
LOAD ./zf_device/zf_device_ips114.o
LOAD ./zf_device/zf_device_ips200.o
LOAD ./zf_device/zf_device_k24c02.o
LOAD ./zf_device/zf_device_key.o
LOAD ./zf_device/zf_device_mpu6050.o
LOAD ./zf_device/zf_device_mt9v03x_dvp.o
LOAD ./zf_device/zf_device_oled.o
LOAD ./zf_device/zf_device_scc8660_dvp.o
LOAD ./zf_device/zf_device_tft180.o
LOAD ./zf_device/zf_device_type.o
LOAD ./zf_device/zf_device_virtual_oscilloscope.o
LOAD ./zf_device/zf_device_w25q32.o
LOAD ./zf_device/zf_device_wifi_spi.o
LOAD ./zf_device/zf_device_wifi_uart.o
LOAD ./zf_device/zf_device_wireless_ch573.o
LOAD ./zf_device/zf_device_wireless_uart.o
LOAD ./zf_common/zf_common_clock.o
LOAD ./zf_common/zf_common_debug.o
LOAD ./zf_common/zf_common_fifo.o
LOAD ./zf_common/zf_common_font.o
LOAD ./zf_common/zf_common_function.o
LOAD ./zf_common/zf_common_interrupt.o
LOAD ./user_c/isr.o
LOAD ./user_c/main.o
LOAD ./sdk/Startup/startup_ch32v30x_D8C.o
LOAD ./sdk/Peripheral/ch32v30x_adc.o
LOAD ./sdk/Peripheral/ch32v30x_bkp.o
LOAD ./sdk/Peripheral/ch32v30x_can.o
LOAD ./sdk/Peripheral/ch32v30x_crc.o
LOAD ./sdk/Peripheral/ch32v30x_dac.o
LOAD ./sdk/Peripheral/ch32v30x_dbgmcu.o
LOAD ./sdk/Peripheral/ch32v30x_dma.o
LOAD ./sdk/Peripheral/ch32v30x_dvp.o
LOAD ./sdk/Peripheral/ch32v30x_eth.o
LOAD ./sdk/Peripheral/ch32v30x_exti.o
LOAD ./sdk/Peripheral/ch32v30x_flash.o
LOAD ./sdk/Peripheral/ch32v30x_fsmc.o
LOAD ./sdk/Peripheral/ch32v30x_gpio.o
LOAD ./sdk/Peripheral/ch32v30x_i2c.o
LOAD ./sdk/Peripheral/ch32v30x_iwdg.o
LOAD ./sdk/Peripheral/ch32v30x_opa.o
LOAD ./sdk/Peripheral/ch32v30x_pwr.o
LOAD ./sdk/Peripheral/ch32v30x_rcc.o
LOAD ./sdk/Peripheral/ch32v30x_rng.o
LOAD ./sdk/Peripheral/ch32v30x_rtc.o
LOAD ./sdk/Peripheral/ch32v30x_sdio.o
LOAD ./sdk/Peripheral/ch32v30x_spi.o
LOAD ./sdk/Peripheral/ch32v30x_tim.o
LOAD ./sdk/Peripheral/ch32v30x_usart.o
LOAD ./sdk/Peripheral/ch32v30x_usbotg_device.o
LOAD ./sdk/Peripheral/ch32v30x_wwdg.o
LOAD ./sdk/Core/core_riscv.o
LOAD ./code/camera.o
LOAD ./code/common.o
LOAD ./code/gyro.o
LOAD ./code/image.o
LOAD ./code/motor.o
LOAD ./code/servo.o
LOAD ./code/tft_show.o
LOAD c:/mounriver/mounriver_studio/toolchain/risc-v embedded gcc/bin/../lib/gcc/riscv-none-embed/8.2.0/../../../../riscv-none-embed/lib/rv32imafc/ilp32f\libm.a
LOAD C:\Users\zf\Desktop\能跑就行\CHV307_Library-master\CHV307_Library-master\Seekfree_CH32V307VCT6_Opensource_Library\libraries\zf_device\libzf_device_config.a
LOAD c:/mounriver/mounriver_studio/toolchain/risc-v embedded gcc/bin/../lib/gcc/riscv-none-embed/8.2.0/rv32imafc/ilp32f\libgcc.a
LOAD c:/mounriver/mounriver_studio/toolchain/risc-v embedded gcc/bin/../lib/gcc/riscv-none-embed/8.2.0/../../../../riscv-none-embed/lib/rv32imafc/ilp32f\libg_nano.a
LOAD c:/mounriver/mounriver_studio/toolchain/risc-v embedded gcc/bin/../lib/gcc/riscv-none-embed/8.2.0/../../../../riscv-none-embed/lib/rv32imafc/ilp32f\libc_nano.a
LOAD c:/mounriver/mounriver_studio/toolchain/risc-v embedded gcc/bin/../lib/gcc/riscv-none-embed/8.2.0/rv32imafc/ilp32f\libgcc.a
START GROUP
LOAD c:/mounriver/mounriver_studio/toolchain/risc-v embedded gcc/bin/../lib/gcc/riscv-none-embed/8.2.0/rv32imafc/ilp32f\libgcc.a
LOAD c:/mounriver/mounriver_studio/toolchain/risc-v embedded gcc/bin/../lib/gcc/riscv-none-embed/8.2.0/../../../../riscv-none-embed/lib/rv32imafc/ilp32f\libc_nano.a
LOAD c:/mounriver/mounriver_studio/toolchain/risc-v embedded gcc/bin/../lib/gcc/riscv-none-embed/8.2.0/../../../../riscv-none-embed/lib/rv32imafc/ilp32f\libnosys.a
END GROUP
START GROUP
LOAD c:/mounriver/mounriver_studio/toolchain/risc-v embedded gcc/bin/../lib/gcc/riscv-none-embed/8.2.0/rv32imafc/ilp32f\libgcc.a
LOAD c:/mounriver/mounriver_studio/toolchain/risc-v embedded gcc/bin/../lib/gcc/riscv-none-embed/8.2.0/../../../../riscv-none-embed/lib/rv32imafc/ilp32f\libc_nano.a
LOAD c:/mounriver/mounriver_studio/toolchain/risc-v embedded gcc/bin/../lib/gcc/riscv-none-embed/8.2.0/../../../../riscv-none-embed/lib/rv32imafc/ilp32f\libnosys.a
END GROUP
                0x0000000000000800                __stack_size = 0x800
                [!provide]                        PROVIDE (_stack_size = __stack_size)

.init           0x0000000000000000       0x38
                0x0000000000000000                _sinit = .
                0x0000000000000000                . = ALIGN (0x4)
 *(SORT_NONE(.init))
 .init          0x0000000000000000       0x38 ./sdk/Startup/startup_ch32v30x_D8C.o
                0x0000000000000000                _start
                0x0000000000000038                . = ALIGN (0x4)
                0x0000000000000038                _einit = .

.vector         0x0000000000000038      0x1c8
 *(.vector)
 .vector        0x0000000000000038      0x1a0 ./sdk/Startup/startup_ch32v30x_D8C.o
                0x0000000000000200                . = ALIGN (0x40)
 *fill*         0x00000000000001d8       0x28 

.text           0x0000000000000200    0x1add4
                0x0000000000000200                . = ALIGN (0x4)
 *(.text)
 .text          0x0000000000000200       0xa8 c:/mounriver/mounriver_studio/toolchain/risc-v embedded gcc/bin/../lib/gcc/riscv-none-embed/8.2.0/../../../../riscv-none-embed/lib/rv32imafc/ilp32f\libg_nano.a(lib_a-memset.o)
                0x0000000000000200                memset
 *(.text.*)
 .text.system_delay_ms
                0x00000000000002a8       0xa2 ./zf_driver/zf_driver_delay.o
                0x00000000000002a8                system_delay_ms
 .text.dvp_gpio_init
                0x000000000000034a      0x118 ./zf_driver/zf_driver_dvp.o
                0x000000000000034a                dvp_gpio_init
 .text.dvp_camera_init
                0x0000000000000462       0x8c ./zf_driver/zf_driver_dvp.o
                0x0000000000000462                dvp_camera_init
 .text.encoder_get_count
                0x00000000000004ee      0x14e ./zf_driver/zf_driver_encoder.o
                0x00000000000004ee                encoder_get_count
 .text.encoder_clear_count
                0x000000000000063c       0x9a ./zf_driver/zf_driver_encoder.o
                0x000000000000063c                encoder_clear_count
 .text.encoder_quad_init
                0x00000000000006d6      0x2d6 ./zf_driver/zf_driver_encoder.o
                0x00000000000006d6                encoder_quad_init
 .text.exti_init
                0x00000000000009ac      0x108 ./zf_driver/zf_driver_exti.o
                0x00000000000009ac                exti_init
 .text.gpio_set_level
                0x0000000000000ab4       0x78 ./zf_driver/zf_driver_gpio.o
                0x0000000000000ab4                gpio_set_level
 .text.gpio_get_level
                0x0000000000000b2c       0x42 ./zf_driver/zf_driver_gpio.o
                0x0000000000000b2c                gpio_get_level
 .text.gpio_toggle_level
                0x0000000000000b6e       0x6a ./zf_driver/zf_driver_gpio.o
                0x0000000000000b6e                gpio_toggle_level
 .text.gpio_init
                0x0000000000000bd8      0x15c ./zf_driver/zf_driver_gpio.o
                0x0000000000000bd8                gpio_init
 .text.pit_init
                0x0000000000000d34      0x218 ./zf_driver/zf_driver_pit.o
                0x0000000000000d34                pit_init
 .text.pwm_set_duty
                0x0000000000000f4c      0x166 ./zf_driver/zf_driver_pwm.o
                0x0000000000000f4c                pwm_set_duty
 .text.pwm_init
                0x00000000000010b2      0x416 ./zf_driver/zf_driver_pwm.o
                0x00000000000010b2                pwm_init
 .text.soft_iic_start
                0x00000000000014c8      0x128 ./zf_driver/zf_driver_soft_iic.o
 .text.soft_iic_stop
                0x00000000000015f0      0x142 ./zf_driver/zf_driver_soft_iic.o
 .text.soft_iic_send_ack
                0x0000000000001732      0x196 ./zf_driver/zf_driver_soft_iic.o
 .text.soft_iic_wait_ack
                0x00000000000018c8      0x160 ./zf_driver/zf_driver_soft_iic.o
 .text.soft_iic_send_data
                0x0000000000001a28      0x16e ./zf_driver/zf_driver_soft_iic.o
 .text.soft_iic_read_data
                0x0000000000001b96      0x1ea ./zf_driver/zf_driver_soft_iic.o
 .text.soft_iic_sccb_write_register
                0x0000000000001d80       0x80 ./zf_driver/zf_driver_soft_iic.o
                0x0000000000001d80                soft_iic_sccb_write_register
 .text.soft_iic_sccb_read_register
                0x0000000000001e00       0xb4 ./zf_driver/zf_driver_soft_iic.o
                0x0000000000001e00                soft_iic_sccb_read_register
 .text.soft_iic_init
                0x0000000000001eb4       0xb2 ./zf_driver/zf_driver_soft_iic.o
                0x0000000000001eb4                soft_iic_init
 .text.spi_write_8bit
                0x0000000000001f66       0x6a ./zf_driver/zf_driver_spi.o
                0x0000000000001f66                spi_write_8bit
 .text.spi_write_16bit
                0x0000000000001fd0       0xa6 ./zf_driver/zf_driver_spi.o
                0x0000000000001fd0                spi_write_16bit
 .text.spi_write_8bit_register
                0x0000000000002076       0xc4 ./zf_driver/zf_driver_spi.o
                0x0000000000002076                spi_write_8bit_register
 .text.spi_write_8bit_registers
                0x000000000000213a       0xba ./zf_driver/zf_driver_spi.o
                0x000000000000213a                spi_write_8bit_registers
 .text.spi_read_8bit_registers
                0x00000000000021f4       0xe4 ./zf_driver/zf_driver_spi.o
                0x00000000000021f4                spi_read_8bit_registers
 .text.spi_init
                0x00000000000022d8      0x2d6 ./zf_driver/zf_driver_spi.o
                0x00000000000022d8                spi_init
 .text.timer_funciton_check
                0x00000000000025ae       0x66 ./zf_driver/zf_driver_timer.o
                0x00000000000025ae                timer_funciton_check
 .text.timer_clock_enable
                0x0000000000002614       0xe2 ./zf_driver/zf_driver_timer.o
                0x0000000000002614                timer_clock_enable
 .text.timer_get
                0x00000000000026f6       0xfe ./zf_driver/zf_driver_timer.o
                0x00000000000026f6                timer_get
 .text.timer_clear
                0x00000000000027f4       0xc4 ./zf_driver/zf_driver_timer.o
                0x00000000000027f4                timer_clear
 .text.uart_write_byte
                0x00000000000028b8       0x56 ./zf_driver/zf_driver_uart.o
                0x00000000000028b8                uart_write_byte
 .text.uart_write_buffer
                0x000000000000290e       0x64 ./zf_driver/zf_driver_uart.o
                0x000000000000290e                uart_write_buffer
 .text.uart_write_string
                0x0000000000002972       0x60 ./zf_driver/zf_driver_uart.o
                0x0000000000002972                uart_write_string
 .text.uart_rx_interrupt
                0x00000000000029d2       0x84 ./zf_driver/zf_driver_uart.o
                0x00000000000029d2                uart_rx_interrupt
 .text.uart_query_byte
                0x0000000000002a56       0x5e ./zf_driver/zf_driver_uart.o
                0x0000000000002a56                uart_query_byte
 .text.uart_init
                0x0000000000002ab4      0x5aa ./zf_driver/zf_driver_uart.o
                0x0000000000002ab4                uart_init
 .text.camera_fifo_init
                0x000000000000305e       0x22 ./zf_device/zf_device_camera.o
                0x000000000000305e                camera_fifo_init
 .text.dm1xa_sound_callback
                0x0000000000003080       0xf6 ./zf_device/zf_device_dm1xa.o
                0x0000000000003080                dm1xa_sound_callback
 .text.dm1xa_light_callback
                0x0000000000003176       0x32 ./zf_device/zf_device_dm1xa.o
                0x0000000000003176                dm1xa_light_callback
 .text.gps_uart_callback
                0x00000000000031a8      0x10e ./zf_device/zf_device_gps_tau1201.o
                0x00000000000031a8                gps_uart_callback
 .text.imu660ra_write_register
                0x00000000000032b6       0x52 ./zf_device/zf_device_imu660ra.o
 .text.imu660ra_write_registers
                0x0000000000003308       0x54 ./zf_device/zf_device_imu660ra.o
 .text.imu660ra_read_register
                0x000000000000335c       0x58 ./zf_device/zf_device_imu660ra.o
 .text.imu660ra_read_registers
                0x00000000000033b4       0xa0 ./zf_device/zf_device_imu660ra.o
 .text.imu660ra_self_check
                0x0000000000003454       0x5a ./zf_device/zf_device_imu660ra.o
 .text.imu660ra_get_gyro
                0x00000000000034ae       0x7e ./zf_device/zf_device_imu660ra.o
                0x00000000000034ae                imu660ra_get_gyro
 .text.imu660ra_init
                0x000000000000352c      0x13a ./zf_device/zf_device_imu660ra.o
                0x000000000000352c                imu660ra_init
 .text.key_scanner
                0x0000000000003666      0x100 ./zf_device/zf_device_key.o
                0x0000000000003666                key_scanner
 .text.key_get_state
                0x0000000000003766       0x20 ./zf_device/zf_device_key.o
                0x0000000000003766                key_get_state
 .text.key_clear_all_state
                0x0000000000003786       0x2a ./zf_device/zf_device_key.o
                0x0000000000003786                key_clear_all_state
 .text.key_init
                0x00000000000037b0       0x88 ./zf_device/zf_device_key.o
                0x00000000000037b0                key_init
 .text.mt9v03x_set_config
                0x0000000000003838      0x12c ./zf_device/zf_device_mt9v03x_dvp.o
 .text.mt9v03x_get_config
                0x0000000000003964      0x164 ./zf_device/zf_device_mt9v03x_dvp.o
 .text.mt9v03x_uart_handler
                0x0000000000003ac8       0x44 ./zf_device/zf_device_mt9v03x_dvp.o
 .text.mt9v03x_dvp_handler
                0x0000000000003b0c       0x14 ./zf_device/zf_device_mt9v03x_dvp.o
                0x0000000000003b0c                mt9v03x_dvp_handler
 .text.mt9v03x_get_version
                0x0000000000003b20       0xca ./zf_device/zf_device_mt9v03x_dvp.o
                0x0000000000003b20                mt9v03x_get_version
 .text.mt9v03x_init
                0x0000000000003bea      0x178 ./zf_device/zf_device_mt9v03x_dvp.o
                0x0000000000003bea                mt9v03x_init
 .text.tft180_write_index
                0x0000000000003d62       0x44 ./zf_device/zf_device_tft180.o
 .text.tft180_set_region
                0x0000000000003da6      0x1ea ./zf_device/zf_device_tft180.o
 .text.tft180_debug_init
                0x0000000000003f90       0x86 ./zf_device/zf_device_tft180.o
 .text.tft180_clear
                0x0000000000004016       0x88 ./zf_device/zf_device_tft180.o
                0x0000000000004016                tft180_clear
 .text.tft180_set_dir
                0x000000000000409e       0x50 ./zf_device/zf_device_tft180.o
                0x000000000000409e                tft180_set_dir
 .text.tft180_set_color
                0x00000000000040ee       0x2c ./zf_device/zf_device_tft180.o
                0x00000000000040ee                tft180_set_color
 .text.tft180_draw_point
                0x000000000000411a       0xb4 ./zf_device/zf_device_tft180.o
                0x000000000000411a                tft180_draw_point
 .text.tft180_show_char
                0x00000000000041ce      0x2a2 ./zf_device/zf_device_tft180.o
                0x00000000000041ce                tft180_show_char
 .text.tft180_show_string
                0x0000000000004470      0x110 ./zf_device/zf_device_tft180.o
                0x0000000000004470                tft180_show_string
 .text.tft180_show_int
                0x0000000000004580      0x146 ./zf_device/zf_device_tft180.o
                0x0000000000004580                tft180_show_int
 .text.tft180_show_uint
                0x00000000000046c6      0x142 ./zf_device/zf_device_tft180.o
                0x00000000000046c6                tft180_show_uint
 .text.tft180_show_float
                0x0000000000004808      0x208 ./zf_device/zf_device_tft180.o
                0x0000000000004808                tft180_show_float
 .text.tft180_show_gray_image
                0x0000000000004a10      0x23e ./zf_device/zf_device_tft180.o
                0x0000000000004a10                tft180_show_gray_image
 .text.tft180_init
                0x0000000000004c4e      0x41e ./zf_device/zf_device_tft180.o
                0x0000000000004c4e                tft180_init
 .text.type_default_callback
                0x000000000000506c        0xe ./zf_device/zf_device_type.o
 .text.set_camera_type
                0x000000000000507a       0x52 ./zf_device/zf_device_type.o
                0x000000000000507a                set_camera_type
 .text.clock_reset
                0x00000000000050cc       0x76 ./zf_common/zf_common_clock.o
                0x00000000000050cc                clock_reset
 .text.clock_set_freq
                0x0000000000005142      0x1e0 ./zf_common/zf_common_clock.o
                0x0000000000005142                clock_set_freq
 .text.clock_init
                0x0000000000005322       0x2e ./zf_common/zf_common_clock.o
                0x0000000000005322                clock_init
 .text.__NOP    0x0000000000005350       0x10 ./zf_common/zf_common_debug.o
 .text.debug_delay
                0x0000000000005360       0x54 ./zf_common/zf_common_debug.o
 .text.debug_protective_handler
                0x00000000000053b4        0xe ./zf_common/zf_common_debug.o
 .text.debug_uart_str_output
                0x00000000000053c2       0x20 ./zf_common/zf_common_debug.o
 .text.debug_output
                0x00000000000053e2      0x564 ./zf_common/zf_common_debug.o
 .text.debug_interrupr_handler
                0x0000000000005946       0x36 ./zf_common/zf_common_debug.o
                0x0000000000005946                debug_interrupr_handler
 .text._write   0x000000000000597c       0x7c ./zf_common/zf_common_debug.o
                0x000000000000597c                _write
 .text.debug_assert_handler
                0x00000000000059f8       0x68 ./zf_common/zf_common_debug.o
                0x00000000000059f8                debug_assert_handler
 .text.debug_log_handler
                0x0000000000005a60       0x4e ./zf_common/zf_common_debug.o
                0x0000000000005a60                debug_log_handler
 .text.debug_output_struct_init
                0x0000000000005aae       0x5a ./zf_common/zf_common_debug.o
                0x0000000000005aae                debug_output_struct_init
 .text.debug_output_init
                0x0000000000005b08       0xa8 ./zf_common/zf_common_debug.o
                0x0000000000005b08                debug_output_init
 .text.debug_init
                0x0000000000005bb0       0x6c ./zf_common/zf_common_debug.o
                0x0000000000005bb0                debug_init
 .text.fifo_head_offset
                0x0000000000005c1c       0x4e ./zf_common/zf_common_fifo.o
 .text.fifo_end_offset
                0x0000000000005c6a       0x4e ./zf_common/zf_common_fifo.o
 .text.fifo_clear
                0x0000000000005cb8      0x100 ./zf_common/zf_common_fifo.o
                0x0000000000005cb8                fifo_clear
 .text.fifo_used
                0x0000000000005db8       0x44 ./zf_common/zf_common_fifo.o
                0x0000000000005db8                fifo_used
 .text.fifo_write_element
                0x0000000000005dfc      0x118 ./zf_common/zf_common_fifo.o
                0x0000000000005dfc                fifo_write_element
 .text.fifo_write_buffer
                0x0000000000005f14      0x304 ./zf_common/zf_common_fifo.o
                0x0000000000005f14                fifo_write_buffer
 .text.fifo_read_buffer
                0x0000000000006218      0x2e0 ./zf_common/zf_common_fifo.o
                0x0000000000006218                fifo_read_buffer
 .text.fifo_init
                0x00000000000064f8       0x96 ./zf_common/zf_common_fifo.o
                0x00000000000064f8                fifo_init
 .text.func_int_to_str
                0x000000000000658e      0x116 ./zf_common/zf_common_function.o
                0x000000000000658e                func_int_to_str
 .text.func_uint_to_str
                0x00000000000066a4       0xd8 ./zf_common/zf_common_function.o
                0x00000000000066a4                func_uint_to_str
 .text.func_double_to_str
                0x000000000000677c      0x2a2 ./zf_common/zf_common_function.o
                0x000000000000677c                func_double_to_str
 .text.__enable_irq
                0x0000000000006a1e       0x18 ./zf_common/zf_common_interrupt.o
 .text.__disable_irq
                0x0000000000006a36       0x14 ./zf_common/zf_common_interrupt.o
 .text.NVIC_EnableIRQ
                0x0000000000006a4a       0x32 ./zf_common/zf_common_interrupt.o
 .text.NVIC_DisableIRQ
                0x0000000000006a7c       0x32 ./zf_common/zf_common_interrupt.o
 .text.NVIC_SetPriority
                0x0000000000006aae       0x2a ./zf_common/zf_common_interrupt.o
 .text.interrupt_enable
                0x0000000000006ad8       0x1e ./zf_common/zf_common_interrupt.o
                0x0000000000006ad8                interrupt_enable
 .text.interrupt_disable
                0x0000000000006af6       0x1e ./zf_common/zf_common_interrupt.o
                0x0000000000006af6                interrupt_disable
 .text.interrupt_set_priority
                0x0000000000006b14       0x2a ./zf_common/zf_common_interrupt.o
                0x0000000000006b14                interrupt_set_priority
 .text.interrupt_global_enable
                0x0000000000006b3e       0x32 ./zf_common/zf_common_interrupt.o
                0x0000000000006b3e                interrupt_global_enable
 .text.interrupt_global_disable
                0x0000000000006b70       0x2c ./zf_common/zf_common_interrupt.o
                0x0000000000006b70                interrupt_global_disable
 .text.interrupt_init
                0x0000000000006b9c       0x18 ./zf_common/zf_common_interrupt.o
                0x0000000000006b9c                interrupt_init
 .text.USART1_IRQHandler
                0x0000000000006bb4       0xc4 ./user_c/isr.o
                0x0000000000006bb4                USART1_IRQHandler
 .text.USART2_IRQHandler
                0x0000000000006c78       0xc4 ./user_c/isr.o
                0x0000000000006c78                USART2_IRQHandler
 .text.USART3_IRQHandler
                0x0000000000006d3c       0xc8 ./user_c/isr.o
                0x0000000000006d3c                USART3_IRQHandler
 .text.UART4_IRQHandler
                0x0000000000006e04       0xc4 ./user_c/isr.o
                0x0000000000006e04                UART4_IRQHandler
 .text.UART5_IRQHandler
                0x0000000000006ec8       0xc2 ./user_c/isr.o
                0x0000000000006ec8                UART5_IRQHandler
 .text.UART6_IRQHandler
                0x0000000000006f8a       0xc4 ./user_c/isr.o
                0x0000000000006f8a                UART6_IRQHandler
 .text.UART7_IRQHandler
                0x000000000000704e       0xca ./user_c/isr.o
                0x000000000000704e                UART7_IRQHandler
 .text.UART8_IRQHandler
                0x0000000000007118       0xc0 ./user_c/isr.o
                0x0000000000007118                UART8_IRQHandler
 .text.DVP_IRQHandler
                0x00000000000071d8       0xd0 ./user_c/isr.o
                0x00000000000071d8                DVP_IRQHandler
 .text.EXTI0_IRQHandler
                0x00000000000072a8       0xb8 ./user_c/isr.o
                0x00000000000072a8                EXTI0_IRQHandler
 .text.EXTI1_IRQHandler
                0x0000000000007360       0xb4 ./user_c/isr.o
                0x0000000000007360                EXTI1_IRQHandler
 .text.EXTI2_IRQHandler
                0x0000000000007414       0xb4 ./user_c/isr.o
                0x0000000000007414                EXTI2_IRQHandler
 .text.EXTI3_IRQHandler
                0x00000000000074c8       0xb4 ./user_c/isr.o
                0x00000000000074c8                EXTI3_IRQHandler
 .text.EXTI4_IRQHandler
                0x000000000000757c       0xb4 ./user_c/isr.o
                0x000000000000757c                EXTI4_IRQHandler
 .text.EXTI9_5_IRQHandler
                0x0000000000007630      0x118 ./user_c/isr.o
                0x0000000000007630                EXTI9_5_IRQHandler
 .text.EXTI15_10_IRQHandler
                0x0000000000007748      0x136 ./user_c/isr.o
                0x0000000000007748                EXTI15_10_IRQHandler
 .text.TIM1_UP_IRQHandler
                0x000000000000787e       0xc0 ./user_c/isr.o
                0x000000000000787e                TIM1_UP_IRQHandler
 .text.TIM2_IRQHandler
                0x000000000000793e       0xb8 ./user_c/isr.o
                0x000000000000793e                TIM2_IRQHandler
 .text.TIM3_IRQHandler
                0x00000000000079f6      0x274 ./user_c/isr.o
                0x00000000000079f6                TIM3_IRQHandler
 .text.TIM4_IRQHandler
                0x0000000000007c6a       0xc0 ./user_c/isr.o
                0x0000000000007c6a                TIM4_IRQHandler
 .text.TIM5_IRQHandler
                0x0000000000007d2a       0xc0 ./user_c/isr.o
                0x0000000000007d2a                TIM5_IRQHandler
 .text.TIM6_IRQHandler
                0x0000000000007dea       0xb8 ./user_c/isr.o
                0x0000000000007dea                TIM6_IRQHandler
 .text.TIM7_IRQHandler
                0x0000000000007ea2       0xc0 ./user_c/isr.o
                0x0000000000007ea2                TIM7_IRQHandler
 .text.TIM8_UP_IRQHandler
                0x0000000000007f62       0xc0 ./user_c/isr.o
                0x0000000000007f62                TIM8_UP_IRQHandler
 .text.TIM9_UP_IRQHandler
                0x0000000000008022       0xc0 ./user_c/isr.o
                0x0000000000008022                TIM9_UP_IRQHandler
 .text.TIM10_UP_IRQHandler
                0x00000000000080e2       0xb8 ./user_c/isr.o
                0x00000000000080e2                TIM10_UP_IRQHandler
 .text.NMI_Handler
                0x000000000000819a       0x10 ./user_c/isr.o
                0x000000000000819a                NMI_Handler
 .text.HardFault_Handler
                0x00000000000081aa        0x8 ./user_c/isr.o
                0x00000000000081aa                HardFault_Handler
 .text.main     0x00000000000081b2      0x186 ./user_c/main.o
                0x00000000000081b2                main
 .text.vector_handler
                0x0000000000008338       0xbe ./sdk/Startup/startup_ch32v30x_D8C.o
                0x000000000000833c                Ecall_M_Mode_Handler
                0x000000000000833e                Ecall_U_Mode_Handler
                0x0000000000008340                Break_Point_Handler
                0x0000000000008342                SysTick_Handler
                0x0000000000008344                SW_Handler
                0x0000000000008346                WWDG_IRQHandler
                0x0000000000008348                PVD_IRQHandler
                0x000000000000834a                TAMPER_IRQHandler
                0x000000000000834c                RTC_IRQHandler
                0x000000000000834e                FLASH_IRQHandler
                0x0000000000008350                RCC_IRQHandler
                0x000000000000835c                DMA1_Channel1_IRQHandler
                0x000000000000835e                DMA1_Channel2_IRQHandler
                0x0000000000008360                DMA1_Channel3_IRQHandler
                0x0000000000008362                DMA1_Channel4_IRQHandler
                0x0000000000008364                DMA1_Channel5_IRQHandler
                0x0000000000008366                DMA1_Channel6_IRQHandler
                0x0000000000008368                DMA1_Channel7_IRQHandler
                0x000000000000836a                ADC1_2_IRQHandler
                0x000000000000836c                USB_HP_CAN1_TX_IRQHandler
                0x000000000000836e                USB_LP_CAN1_RX0_IRQHandler
                0x0000000000008370                CAN1_RX1_IRQHandler
                0x0000000000008372                CAN1_SCE_IRQHandler
                0x0000000000008376                TIM1_BRK_IRQHandler
                0x000000000000837a                TIM1_TRG_COM_IRQHandler
                0x000000000000837c                TIM1_CC_IRQHandler
                0x0000000000008384                I2C1_EV_IRQHandler
                0x0000000000008386                I2C1_ER_IRQHandler
                0x0000000000008388                I2C2_EV_IRQHandler
                0x000000000000838a                I2C2_ER_IRQHandler
                0x000000000000838c                SPI1_IRQHandler
                0x000000000000838e                SPI2_IRQHandler
                0x0000000000008398                RTCAlarm_IRQHandler
                0x000000000000839a                USBWakeUp_IRQHandler
                0x000000000000839c                TIM8_BRK_IRQHandler
                0x00000000000083a0                TIM8_TRG_COM_IRQHandler
                0x00000000000083a2                TIM8_CC_IRQHandler
                0x00000000000083a4                RNG_IRQHandler
                0x00000000000083a6                FSMC_IRQHandler
                0x00000000000083a8                SDIO_IRQHandler
                0x00000000000083ac                SPI3_IRQHandler
                0x00000000000083b6                DMA2_Channel1_IRQHandler
                0x00000000000083b8                DMA2_Channel2_IRQHandler
                0x00000000000083ba                DMA2_Channel3_IRQHandler
                0x00000000000083bc                DMA2_Channel4_IRQHandler
                0x00000000000083be                DMA2_Channel5_IRQHandler
                0x00000000000083c0                ETH_IRQHandler
                0x00000000000083c2                ETH_WKUP_IRQHandler
                0x00000000000083c4                CAN2_TX_IRQHandler
                0x00000000000083c6                CAN2_RX0_IRQHandler
                0x00000000000083c8                CAN2_RX1_IRQHandler
                0x00000000000083ca                CAN2_SCE_IRQHandler
                0x00000000000083ce                USBHSWakeup_IRQHandler
                0x00000000000083d0                USBHS_IRQHandler
                0x00000000000083da                TIM9_BRK_IRQHandler
                0x00000000000083de                TIM9_TRG_COM_IRQHandler
                0x00000000000083e0                TIM9_CC_IRQHandler
                0x00000000000083e2                TIM10_BRK_IRQHandler
                0x00000000000083e6                TIM10_TRG_COM_IRQHandler
                0x00000000000083e8                TIM10_CC_IRQHandler
                0x00000000000083ea                DMA2_Channel6_IRQHandler
                0x00000000000083ec                DMA2_Channel7_IRQHandler
                0x00000000000083ee                DMA2_Channel8_IRQHandler
                0x00000000000083f0                DMA2_Channel9_IRQHandler
                0x00000000000083f2                DMA2_Channel10_IRQHandler
                0x00000000000083f4                DMA2_Channel11_IRQHandler
 .text.handle_reset
                0x00000000000083f6       0x8a ./sdk/Startup/startup_ch32v30x_D8C.o
                0x00000000000083f6                handle_reset
 .text.EXTI_Init
                0x0000000000008480      0x170 ./sdk/Peripheral/ch32v30x_exti.o
                0x0000000000008480                EXTI_Init
 .text.EXTI_GetITStatus
                0x00000000000085f0       0x56 ./sdk/Peripheral/ch32v30x_exti.o
                0x00000000000085f0                EXTI_GetITStatus
 .text.EXTI_ClearITPendingBit
                0x0000000000008646       0x20 ./sdk/Peripheral/ch32v30x_exti.o
                0x0000000000008646                EXTI_ClearITPendingBit
 .text.GPIO_Init
                0x0000000000008666      0x22a ./sdk/Peripheral/ch32v30x_gpio.o
                0x0000000000008666                GPIO_Init
 .text.GPIO_WriteBit
                0x0000000000008890       0x38 ./sdk/Peripheral/ch32v30x_gpio.o
                0x0000000000008890                GPIO_WriteBit
 .text.GPIO_PinRemapConfig
                0x00000000000088c8      0x1c8 ./sdk/Peripheral/ch32v30x_gpio.o
                0x00000000000088c8                GPIO_PinRemapConfig
 .text.GPIO_EXTILineConfig
                0x0000000000008a90       0xa2 ./sdk/Peripheral/ch32v30x_gpio.o
                0x0000000000008a90                GPIO_EXTILineConfig
 .text.RCC_GetClocksFreq
                0x0000000000008b32      0x2c6 ./sdk/Peripheral/ch32v30x_rcc.o
                0x0000000000008b32                RCC_GetClocksFreq
 .text.RCC_AHBPeriphClockCmd
                0x0000000000008df8       0x46 ./sdk/Peripheral/ch32v30x_rcc.o
                0x0000000000008df8                RCC_AHBPeriphClockCmd
 .text.RCC_APB2PeriphClockCmd
                0x0000000000008e3e       0x46 ./sdk/Peripheral/ch32v30x_rcc.o
                0x0000000000008e3e                RCC_APB2PeriphClockCmd
 .text.RCC_APB1PeriphClockCmd
                0x0000000000008e84       0x46 ./sdk/Peripheral/ch32v30x_rcc.o
                0x0000000000008e84                RCC_APB1PeriphClockCmd
 .text.RCC_APB2PeriphResetCmd
                0x0000000000008eca       0x46 ./sdk/Peripheral/ch32v30x_rcc.o
                0x0000000000008eca                RCC_APB2PeriphResetCmd
 .text.RCC_APB1PeriphResetCmd
                0x0000000000008f10       0x46 ./sdk/Peripheral/ch32v30x_rcc.o
                0x0000000000008f10                RCC_APB1PeriphResetCmd
 .text.SPI_I2S_DeInit
                0x0000000000008f56       0x76 ./sdk/Peripheral/ch32v30x_spi.o
                0x0000000000008f56                SPI_I2S_DeInit
 .text.SPI_Init
                0x0000000000008fcc       0xf8 ./sdk/Peripheral/ch32v30x_spi.o
                0x0000000000008fcc                SPI_Init
 .text.SPI_Cmd  0x00000000000090c4       0x5a ./sdk/Peripheral/ch32v30x_spi.o
                0x00000000000090c4                SPI_Cmd
 .text.TIM_TimeBaseInit
                0x000000000000911e      0x17e ./sdk/Peripheral/ch32v30x_tim.o
                0x000000000000911e                TIM_TimeBaseInit
 .text.TIM_OC1Init
                0x000000000000929c      0x19c ./sdk/Peripheral/ch32v30x_tim.o
                0x000000000000929c                TIM_OC1Init
 .text.TIM_OC2Init
                0x0000000000009438      0x1e2 ./sdk/Peripheral/ch32v30x_tim.o
                0x0000000000009438                TIM_OC2Init
 .text.TIM_OC3Init
                0x000000000000961a      0x1dc ./sdk/Peripheral/ch32v30x_tim.o
                0x000000000000961a                TIM_OC3Init
 .text.TIM_OC4Init
                0x00000000000097f6      0x176 ./sdk/Peripheral/ch32v30x_tim.o
                0x00000000000097f6                TIM_OC4Init
 .text.TIM_TimeBaseStructInit
                0x000000000000996c       0x3c ./sdk/Peripheral/ch32v30x_tim.o
                0x000000000000996c                TIM_TimeBaseStructInit
 .text.TIM_Cmd  0x00000000000099a8       0x58 ./sdk/Peripheral/ch32v30x_tim.o
                0x00000000000099a8                TIM_Cmd
 .text.TIM_CtrlPWMOutputs
                0x0000000000009a00       0x60 ./sdk/Peripheral/ch32v30x_tim.o
                0x0000000000009a00                TIM_CtrlPWMOutputs
 .text.TIM_ITConfig
                0x0000000000009a60       0x70 ./sdk/Peripheral/ch32v30x_tim.o
                0x0000000000009a60                TIM_ITConfig
 .text.TIM_ITRxExternalClockConfig
                0x0000000000009ad0       0x46 ./sdk/Peripheral/ch32v30x_tim.o
                0x0000000000009ad0                TIM_ITRxExternalClockConfig
 .text.TIM_SelectInputTrigger
                0x0000000000009b16       0x4e ./sdk/Peripheral/ch32v30x_tim.o
                0x0000000000009b16                TIM_SelectInputTrigger
 .text.TIM_EncoderInterfaceConfig
                0x0000000000009b64       0xd8 ./sdk/Peripheral/ch32v30x_tim.o
                0x0000000000009b64                TIM_EncoderInterfaceConfig
 .text.TIM_OC1PreloadConfig
                0x0000000000009c3c       0x4c ./sdk/Peripheral/ch32v30x_tim.o
                0x0000000000009c3c                TIM_OC1PreloadConfig
 .text.TIM_OC2PreloadConfig
                0x0000000000009c88       0x5a ./sdk/Peripheral/ch32v30x_tim.o
                0x0000000000009c88                TIM_OC2PreloadConfig
 .text.TIM_OC3PreloadConfig
                0x0000000000009ce2       0x4c ./sdk/Peripheral/ch32v30x_tim.o
                0x0000000000009ce2                TIM_OC3PreloadConfig
 .text.TIM_OC4PreloadConfig
                0x0000000000009d2e       0x5a ./sdk/Peripheral/ch32v30x_tim.o
                0x0000000000009d2e                TIM_OC4PreloadConfig
 .text.TIM_OC1FastConfig
                0x0000000000009d88       0x4c ./sdk/Peripheral/ch32v30x_tim.o
                0x0000000000009d88                TIM_OC1FastConfig
 .text.TIM_OC2FastConfig
                0x0000000000009dd4       0x56 ./sdk/Peripheral/ch32v30x_tim.o
                0x0000000000009dd4                TIM_OC2FastConfig
 .text.TIM_OC3FastConfig
                0x0000000000009e2a       0x4c ./sdk/Peripheral/ch32v30x_tim.o
                0x0000000000009e2a                TIM_OC3FastConfig
 .text.TIM_OC4FastConfig
                0x0000000000009e76       0x56 ./sdk/Peripheral/ch32v30x_tim.o
                0x0000000000009e76                TIM_OC4FastConfig
 .text.TIM_GetITStatus
                0x0000000000009ecc       0x70 ./sdk/Peripheral/ch32v30x_tim.o
                0x0000000000009ecc                TIM_GetITStatus
 .text.TIM_ClearITPendingBit
                0x0000000000009f3c       0x2e ./sdk/Peripheral/ch32v30x_tim.o
                0x0000000000009f3c                TIM_ClearITPendingBit
 .text.USART_Init
                0x0000000000009f6a      0x234 ./sdk/Peripheral/ch32v30x_usart.o
                0x0000000000009f6a                USART_Init
 .text.USART_Cmd
                0x000000000000a19e       0x60 ./sdk/Peripheral/ch32v30x_usart.o
                0x000000000000a19e                USART_Cmd
 .text.USART_ITConfig
                0x000000000000a1fe       0xc4 ./sdk/Peripheral/ch32v30x_usart.o
                0x000000000000a1fe                USART_ITConfig
 .text.USART_SendData
                0x000000000000a2c2       0x2e ./sdk/Peripheral/ch32v30x_usart.o
                0x000000000000a2c2                USART_SendData
 .text.USART_GetFlagStatus
                0x000000000000a2f0       0x46 ./sdk/Peripheral/ch32v30x_usart.o
                0x000000000000a2f0                USART_GetFlagStatus
 .text.USART_GetITStatus
                0x000000000000a336      0x102 ./sdk/Peripheral/ch32v30x_usart.o
                0x000000000000a336                USART_GetITStatus
 .text.USART_ClearITPendingBit
                0x000000000000a438       0x4e ./sdk/Peripheral/ch32v30x_usart.o
                0x000000000000a438                USART_ClearITPendingBit
 .text.DevEP1_IN_Deal
                0x000000000000a486       0x3e ./sdk/Peripheral/ch32v30x_usbotg_device.o
                0x000000000000a486                DevEP1_IN_Deal
 .text.DevEP2_IN_Deal
                0x000000000000a4c4       0x3e ./sdk/Peripheral/ch32v30x_usbotg_device.o
                0x000000000000a4c4                DevEP2_IN_Deal
 .text.DevEP1_OUT_Deal
                0x000000000000a502       0x66 ./sdk/Peripheral/ch32v30x_usbotg_device.o
                0x000000000000a502                DevEP1_OUT_Deal
 .text.DevEP2_OUT_Deal
                0x000000000000a568       0x66 ./sdk/Peripheral/ch32v30x_usbotg_device.o
                0x000000000000a568                DevEP2_OUT_Deal
 .text.OTG_FS_IRQHandler
                0x000000000000a5ce      0xd16 ./sdk/Peripheral/ch32v30x_usbotg_device.o
                0x000000000000a5ce                OTG_FS_IRQHandler
 .text.Err_Sum  0x000000000000b2e4       0xc2 ./code/camera.o
                0x000000000000b2e4                Err_Sum
 .text.Round_init
                0x000000000000b3a6      0x162 ./code/camera.o
                0x000000000000b3a6                Round_init
 .text.GetLostTime
                0x000000000000b508       0xc4 ./code/camera.o
                0x000000000000b508                GetLostTime
 .text.Ring_Start_Test
                0x000000000000b5cc      0x18c ./code/camera.o
                0x000000000000b5cc                Ring_Start_Test
 .text.Get_Edge_Point
                0x000000000000b758       0xf8 ./code/camera.o
                0x000000000000b758                Get_Edge_Point
 .text.Ring_Search
                0x000000000000b850      0x142 ./code/camera.o
                0x000000000000b850                Ring_Search
 .text.Left_Ring
                0x000000000000b992      0x60a ./code/camera.o
                0x000000000000b992                Left_Ring
 .text.Right_Ring
                0x000000000000bf9c      0x64a ./code/camera.o
                0x000000000000bf9c                Right_Ring
 .text.Find_Right_Down_Point
                0x000000000000c5e6      0x2aa ./code/camera.o
                0x000000000000c5e6                Find_Right_Down_Point
 .text.Find_Right_Up_Point
                0x000000000000c890      0x2aa ./code/camera.o
                0x000000000000c890                Find_Right_Up_Point
 .text.Find_Left_Up_Point
                0x000000000000cb3a      0x2aa ./code/camera.o
                0x000000000000cb3a                Find_Left_Up_Point
 .text.Find_Left_Down_Point
                0x000000000000cde4      0x2aa ./code/camera.o
                0x000000000000cde4                Find_Left_Down_Point
 .text.Continuity_Change_Right
                0x000000000000d08e       0xe4 ./code/camera.o
                0x000000000000d08e                Continuity_Change_Right
 .text.Continuity_Change_Left
                0x000000000000d172       0xe4 ./code/camera.o
                0x000000000000d172                Continuity_Change_Left
 .text.Monotonicity_Change_Right
                0x000000000000d256      0x40a ./code/camera.o
                0x000000000000d256                Monotonicity_Change_Right
 .text.Monotonicity_Change_Left
                0x000000000000d660      0x40a ./code/camera.o
                0x000000000000d660                Monotonicity_Change_Left
 .text.K_Add_Boundry_Left
                0x000000000000da6a      0x13c ./code/camera.o
                0x000000000000da6a                K_Add_Boundry_Left
 .text.K_Add_Boundry_Right
                0x000000000000dba6      0x13c ./code/camera.o
                0x000000000000dba6                K_Add_Boundry_Right
 .text.Left_Add_Line
                0x000000000000dce2      0x16a ./code/camera.o
                0x000000000000dce2                Left_Add_Line
 .text.Right_Add_Line
                0x000000000000de4c      0x16a ./code/camera.o
                0x000000000000de4c                Right_Add_Line
 .text.Lengthen_Left_Boundry
                0x000000000000dfb6      0x1ca ./code/camera.o
                0x000000000000dfb6                Lengthen_Left_Boundry
 .text.K_Draw_Line
                0x000000000000e180       0xca ./code/camera.o
                0x000000000000e180                K_Draw_Line
 .text.Draw_Line
                0x000000000000e24a      0x398 ./code/camera.o
                0x000000000000e24a                Draw_Line
 .text.All_Init
                0x000000000000e5e2      0x114 ./code/common.o
                0x000000000000e5e2                All_Init
 .text.Zero_Point_Detect
                0x000000000000e6f6       0xb0 ./code/gyro.o
                0x000000000000e6f6                Zero_Point_Detect
 .text.Gyroscope_GetData
                0x000000000000e7a6       0x6c ./code/gyro.o
                0x000000000000e7a6                Gyroscope_GetData
 .text.Get_Gyroscope_Angle
                0x000000000000e812      0x10e ./code/gyro.o
                0x000000000000e812                Get_Gyroscope_Angle
 .text.Clear_Gyroscope_Angle
                0x000000000000e920       0x1e ./code/gyro.o
                0x000000000000e920                Clear_Gyroscope_Angle
 .text.my_abs   0x000000000000e93e       0x28 ./code/image.o
                0x000000000000e93e                my_abs
 .text.otsuThreshold
                0x000000000000e966      0x442 ./code/image.o
                0x000000000000e966                otsuThreshold
 .text.turn_to_bin
                0x000000000000eda8       0xd2 ./code/image.o
                0x000000000000eda8                turn_to_bin
 .text.get_start_point
                0x000000000000ee7a      0x158 ./code/image.o
                0x000000000000ee7a                get_start_point
 .text.search_l_r
                0x000000000000efd2      0x91e ./code/image.o
                0x000000000000efd2                search_l_r
 .text.get_left
                0x000000000000f8f0       0xdc ./code/image.o
                0x000000000000f8f0                get_left
 .text.get_right
                0x000000000000f9cc       0xde ./code/image.o
                0x000000000000f9cc                get_right
 .text.image_filter
                0x000000000000faaa      0x1fe ./code/image.o
                0x000000000000faaa                image_filter
 .text.image_draw_rectan
                0x000000000000fca8       0xc6 ./code/image.o
                0x000000000000fca8                image_draw_rectan
 .text.image_process
                0x000000000000fd6e       0xaa ./code/image.o
                0x000000000000fd6e                image_process
 .text.GetCenterline
                0x000000000000fe18       0x6e ./code/image.o
                0x000000000000fe18                GetCenterline
 .text.Para_init
                0x000000000000fe86      0x130 ./code/motor.o
                0x000000000000fe86                Para_init
 .text.GetSpeed
                0x000000000000ffb6       0xd0 ./code/motor.o
                0x000000000000ffb6                GetSpeed
 .text.set_brushless_duty
                0x0000000000010086       0x3a ./code/motor.o
                0x0000000000010086                set_brushless_duty
 .text.PWM_Out  0x00000000000100c0      0x1fe ./code/motor.o
                0x00000000000100c0                PWM_Out
 .text.stop     0x00000000000102be       0x16 ./code/motor.o
                0x00000000000102be                stop
 .text.exti_initconfig
                0x00000000000102d4       0x38 ./code/tft_show.o
                0x00000000000102d4                exti_initconfig
 .text.key3_exti_handler
                0x000000000001030c       0x2e ./code/tft_show.o
                0x000000000001030c                key3_exti_handler
 .text.key4_exti_handler
                0x000000000001033a       0x2c ./code/tft_show.o
                0x000000000001033a                key4_exti_handler
 .text.Button_Down_Click
                0x0000000000010366       0x72 ./code/tft_show.o
                0x0000000000010366                Button_Down_Click
 .text.Button_Up_Click
                0x00000000000103d8       0x76 ./code/tft_show.o
                0x00000000000103d8                Button_Up_Click
 .text.Display_Grayscale_Image
                0x000000000001044e      0x190 ./code/tft_show.o
                0x000000000001044e                Display_Grayscale_Image
 .text.Display_Initial_Menu
                0x00000000000105de       0x80 ./code/tft_show.o
                0x00000000000105de                Display_Initial_Menu
 .text.Adjust_SpeedP
                0x000000000001065e       0xf6 ./code/tft_show.o
                0x000000000001065e                Adjust_SpeedP
 .text.Adjust_SpeedI
                0x0000000000010754       0xc6 ./code/tft_show.o
                0x0000000000010754                Adjust_SpeedI
 .text.Adjust_SpeedD
                0x000000000001081a       0xc6 ./code/tft_show.o
                0x000000000001081a                Adjust_SpeedD
 .text.Adjust_TurnP
                0x00000000000108e0       0xc6 ./code/tft_show.o
                0x00000000000108e0                Adjust_TurnP
 .text.Adjust_TurnD
                0x00000000000109a6       0xc6 ./code/tft_show.o
                0x00000000000109a6                Adjust_TurnD
 .text.Display_Second_Menu
                0x0000000000010a6c       0xbc ./code/tft_show.o
                0x0000000000010a6c                Display_Second_Menu
 .text.mt9v03x_write_word_sccb
                0x0000000000010b28       0x34 C:\Users\zf\Desktop\能跑就行\CHV307_Library-master\CHV307_Library-master\Seekfree_CH32V307VCT6_Opensource_Library\libraries\zf_device\libzf_device_config.a(zf_device_config.o)
 .text.mt9v03x_set_config_sccb
                0x0000000000010b5c      0x602 C:\Users\zf\Desktop\能跑就行\CHV307_Library-master\CHV307_Library-master\Seekfree_CH32V307VCT6_Opensource_Library\libraries\zf_device\libzf_device_config.a(zf_device_config.o)
                0x0000000000010b5c                mt9v03x_set_config_sccb
 .text.__adddf3
                0x000000000001115e      0xa0e c:/mounriver/mounriver_studio/toolchain/risc-v embedded gcc/bin/../lib/gcc/riscv-none-embed/8.2.0/rv32imafc/ilp32f\libgcc.a(adddf3.o)
                0x000000000001115e                __adddf3
 .text.__divdf3
                0x0000000000011b6c      0x7ea c:/mounriver/mounriver_studio/toolchain/risc-v embedded gcc/bin/../lib/gcc/riscv-none-embed/8.2.0/rv32imafc/ilp32f\libgcc.a(divdf3.o)
                0x0000000000011b6c                __divdf3
 .text.__eqdf2  0x0000000000012356       0x98 c:/mounriver/mounriver_studio/toolchain/risc-v embedded gcc/bin/../lib/gcc/riscv-none-embed/8.2.0/rv32imafc/ilp32f\libgcc.a(eqdf2.o)
                0x0000000000012356                __nedf2
                0x0000000000012356                __eqdf2
 .text.__gedf2  0x00000000000123ee       0xb6 c:/mounriver/mounriver_studio/toolchain/risc-v embedded gcc/bin/../lib/gcc/riscv-none-embed/8.2.0/rv32imafc/ilp32f\libgcc.a(gedf2.o)
                0x00000000000123ee                __gedf2
                0x00000000000123ee                __gtdf2
 .text.__ledf2  0x00000000000124a4       0xb6 c:/mounriver/mounriver_studio/toolchain/risc-v embedded gcc/bin/../lib/gcc/riscv-none-embed/8.2.0/rv32imafc/ilp32f\libgcc.a(ledf2.o)
                0x00000000000124a4                __ledf2
                0x00000000000124a4                __ltdf2
 .text.__muldf3
                0x000000000001255a      0x656 c:/mounriver/mounriver_studio/toolchain/risc-v embedded gcc/bin/../lib/gcc/riscv-none-embed/8.2.0/rv32imafc/ilp32f\libgcc.a(muldf3.o)
                0x000000000001255a                __muldf3
 .text.__subdf3
                0x0000000000012bb0      0xa8c c:/mounriver/mounriver_studio/toolchain/risc-v embedded gcc/bin/../lib/gcc/riscv-none-embed/8.2.0/rv32imafc/ilp32f\libgcc.a(subdf3.o)
                0x0000000000012bb0                __subdf3
 .text.__unorddf2
                0x000000000001363c       0x7c c:/mounriver/mounriver_studio/toolchain/risc-v embedded gcc/bin/../lib/gcc/riscv-none-embed/8.2.0/rv32imafc/ilp32f\libgcc.a(unorddf2.o)
                0x000000000001363c                __unorddf2
 .text.__fixdfsi
                0x00000000000136b8       0xd8 c:/mounriver/mounriver_studio/toolchain/risc-v embedded gcc/bin/../lib/gcc/riscv-none-embed/8.2.0/rv32imafc/ilp32f\libgcc.a(fixdfsi.o)
                0x00000000000136b8                __fixdfsi
 .text.__fixunsdfsi
                0x0000000000013790       0x9e c:/mounriver/mounriver_studio/toolchain/risc-v embedded gcc/bin/../lib/gcc/riscv-none-embed/8.2.0/rv32imafc/ilp32f\libgcc.a(fixunsdfsi.o)
                0x0000000000013790                __fixunsdfsi
 .text.__floatsidf
                0x000000000001382e       0x70 c:/mounriver/mounriver_studio/toolchain/risc-v embedded gcc/bin/../lib/gcc/riscv-none-embed/8.2.0/rv32imafc/ilp32f\libgcc.a(floatsidf.o)
                0x000000000001382e                __floatsidf
 .text.__floatunsidf
                0x000000000001389e       0x66 c:/mounriver/mounriver_studio/toolchain/risc-v embedded gcc/bin/../lib/gcc/riscv-none-embed/8.2.0/rv32imafc/ilp32f\libgcc.a(floatunsidf.o)
                0x000000000001389e                __floatunsidf
 .text.__extendsfdf2
                0x0000000000013904       0xe8 c:/mounriver/mounriver_studio/toolchain/risc-v embedded gcc/bin/../lib/gcc/riscv-none-embed/8.2.0/rv32imafc/ilp32f\libgcc.a(extendsfdf2.o)
                0x0000000000013904                __extendsfdf2
 .text.__truncdfsf2
                0x00000000000139ec      0x31e c:/mounriver/mounriver_studio/toolchain/risc-v embedded gcc/bin/../lib/gcc/riscv-none-embed/8.2.0/rv32imafc/ilp32f\libgcc.a(truncdfsf2.o)
                0x00000000000139ec                __truncdfsf2
 .text.__clzsi2
                0x0000000000013d0a       0x76 c:/mounriver/mounriver_studio/toolchain/risc-v embedded gcc/bin/../lib/gcc/riscv-none-embed/8.2.0/rv32imafc/ilp32f\libgcc.a(_clzsi2.o)
                0x0000000000013d0a                __clzsi2
 .text.memcpy   0x0000000000013d80       0xb6 c:/mounriver/mounriver_studio/toolchain/risc-v embedded gcc/bin/../lib/gcc/riscv-none-embed/8.2.0/../../../../riscv-none-embed/lib/rv32imafc/ilp32f\libg_nano.a(lib_a-memcpy.o)
                0x0000000000013d80                memcpy
 .text.__cvt    0x0000000000013e36       0xee c:/mounriver/mounriver_studio/toolchain/risc-v embedded gcc/bin/../lib/gcc/riscv-none-embed/8.2.0/../../../../riscv-none-embed/lib/rv32imafc/ilp32f\libg_nano.a(lib_a-nano-vfprintf_float.o)
                0x0000000000013e36                __cvt
 .text.__exponent
                0x0000000000013f24       0x8c c:/mounriver/mounriver_studio/toolchain/risc-v embedded gcc/bin/../lib/gcc/riscv-none-embed/8.2.0/../../../../riscv-none-embed/lib/rv32imafc/ilp32f\libg_nano.a(lib_a-nano-vfprintf_float.o)
                0x0000000000013f24                __exponent
 .text._printf_float
                0x0000000000013fb0      0x4c4 c:/mounriver/mounriver_studio/toolchain/risc-v embedded gcc/bin/../lib/gcc/riscv-none-embed/8.2.0/../../../../riscv-none-embed/lib/rv32imafc/ilp32f\libg_nano.a(lib_a-nano-vfprintf_float.o)
                0x0000000000013fb0                _printf_float
 .text._printf_common
                0x0000000000014474      0x10c c:/mounriver/mounriver_studio/toolchain/risc-v embedded gcc/bin/../lib/gcc/riscv-none-embed/8.2.0/../../../../riscv-none-embed/lib/rv32imafc/ilp32f\libg_nano.a(lib_a-nano-vfprintf_i.o)
                0x0000000000014474                _printf_common
 .text._printf_i
                0x0000000000014580      0x2ac c:/mounriver/mounriver_studio/toolchain/risc-v embedded gcc/bin/../lib/gcc/riscv-none-embed/8.2.0/../../../../riscv-none-embed/lib/rv32imafc/ilp32f\libg_nano.a(lib_a-nano-vfprintf_i.o)
                0x0000000000014580                _printf_i
 .text.printf   0x000000000001482c       0x42 c:/mounriver/mounriver_studio/toolchain/risc-v embedded gcc/bin/../lib/gcc/riscv-none-embed/8.2.0/../../../../riscv-none-embed/lib/rv32imafc/ilp32f\libg_nano.a(lib_a-printf.o)
                0x000000000001482c                iprintf
                0x000000000001482c                printf
 .text._puts_r  0x000000000001486e       0xde c:/mounriver/mounriver_studio/toolchain/risc-v embedded gcc/bin/../lib/gcc/riscv-none-embed/8.2.0/../../../../riscv-none-embed/lib/rv32imafc/ilp32f\libg_nano.a(lib_a-puts.o)
                0x000000000001486e                _puts_r
 .text.puts     0x000000000001494c        0xc c:/mounriver/mounriver_studio/toolchain/risc-v embedded gcc/bin/../lib/gcc/riscv-none-embed/8.2.0/../../../../riscv-none-embed/lib/rv32imafc/ilp32f\libg_nano.a(lib_a-puts.o)
                0x000000000001494c                puts
 .text.sprintf  0x0000000000014958       0x46 c:/mounriver/mounriver_studio/toolchain/risc-v embedded gcc/bin/../lib/gcc/riscv-none-embed/8.2.0/../../../../riscv-none-embed/lib/rv32imafc/ilp32f\libg_nano.a(lib_a-sprintf.o)
                0x0000000000014958                siprintf
                0x0000000000014958                sprintf
 .text.strlen   0x000000000001499e       0x12 c:/mounriver/mounriver_studio/toolchain/risc-v embedded gcc/bin/../lib/gcc/riscv-none-embed/8.2.0/../../../../riscv-none-embed/lib/rv32imafc/ilp32f\libg_nano.a(lib_a-strlen.o)
                0x000000000001499e                strlen
 .text.strncmp  0x00000000000149b0       0x2c c:/mounriver/mounriver_studio/toolchain/risc-v embedded gcc/bin/../lib/gcc/riscv-none-embed/8.2.0/../../../../riscv-none-embed/lib/rv32imafc/ilp32f\libg_nano.a(lib_a-strncmp.o)
                0x00000000000149b0                strncmp
 .text.__swbuf_r
                0x00000000000149dc       0xc6 c:/mounriver/mounriver_studio/toolchain/risc-v embedded gcc/bin/../lib/gcc/riscv-none-embed/8.2.0/../../../../riscv-none-embed/lib/rv32imafc/ilp32f\libg_nano.a(lib_a-wbuf.o)
                0x00000000000149dc                __swbuf_r
 .text.__swsetup_r
                0x0000000000014aa2      0x112 c:/mounriver/mounriver_studio/toolchain/risc-v embedded gcc/bin/../lib/gcc/riscv-none-embed/8.2.0/../../../../riscv-none-embed/lib/rv32imafc/ilp32f\libg_nano.a(lib_a-wsetup.o)
                0x0000000000014aa2                __swsetup_r
 .text.quorem   0x0000000000014bb4      0x13a c:/mounriver/mounriver_studio/toolchain/risc-v embedded gcc/bin/../lib/gcc/riscv-none-embed/8.2.0/../../../../riscv-none-embed/lib/rv32imafc/ilp32f\libg_nano.a(lib_a-dtoa.o)
 .text._dtoa_r  0x0000000000014cee      0xc02 c:/mounriver/mounriver_studio/toolchain/risc-v embedded gcc/bin/../lib/gcc/riscv-none-embed/8.2.0/../../../../riscv-none-embed/lib/rv32imafc/ilp32f\libg_nano.a(lib_a-dtoa.o)
                0x0000000000014cee                _dtoa_r
 .text.__sflush_r
                0x00000000000158f0      0x13e c:/mounriver/mounriver_studio/toolchain/risc-v embedded gcc/bin/../lib/gcc/riscv-none-embed/8.2.0/../../../../riscv-none-embed/lib/rv32imafc/ilp32f\libg_nano.a(lib_a-fflush.o)
                0x00000000000158f0                __sflush_r
 .text._fflush_r
                0x0000000000015a2e       0x66 c:/mounriver/mounriver_studio/toolchain/risc-v embedded gcc/bin/../lib/gcc/riscv-none-embed/8.2.0/../../../../riscv-none-embed/lib/rv32imafc/ilp32f\libg_nano.a(lib_a-fflush.o)
                0x0000000000015a2e                _fflush_r
 .text.std      0x0000000000015a94       0x6a c:/mounriver/mounriver_studio/toolchain/risc-v embedded gcc/bin/../lib/gcc/riscv-none-embed/8.2.0/../../../../riscv-none-embed/lib/rv32imafc/ilp32f\libg_nano.a(lib_a-findfp.o)
 .text._cleanup_r
                0x0000000000015afe        0xa c:/mounriver/mounriver_studio/toolchain/risc-v embedded gcc/bin/../lib/gcc/riscv-none-embed/8.2.0/../../../../riscv-none-embed/lib/rv32imafc/ilp32f\libg_nano.a(lib_a-findfp.o)
                0x0000000000015afe                _cleanup_r
 .text.__sfmoreglue
                0x0000000000015b08       0x48 c:/mounriver/mounriver_studio/toolchain/risc-v embedded gcc/bin/../lib/gcc/riscv-none-embed/8.2.0/../../../../riscv-none-embed/lib/rv32imafc/ilp32f\libg_nano.a(lib_a-findfp.o)
                0x0000000000015b08                __sfmoreglue
 .text.__sinit  0x0000000000015b50       0x6c c:/mounriver/mounriver_studio/toolchain/risc-v embedded gcc/bin/../lib/gcc/riscv-none-embed/8.2.0/../../../../riscv-none-embed/lib/rv32imafc/ilp32f\libg_nano.a(lib_a-findfp.o)
                0x0000000000015b50                __sinit
 .text.__sfp    0x0000000000015bbc       0xa0 c:/mounriver/mounriver_studio/toolchain/risc-v embedded gcc/bin/../lib/gcc/riscv-none-embed/8.2.0/../../../../riscv-none-embed/lib/rv32imafc/ilp32f\libg_nano.a(lib_a-findfp.o)
                0x0000000000015bbc                __sfp
 .text._fwalk_reent
                0x0000000000015c5c       0x6c c:/mounriver/mounriver_studio/toolchain/risc-v embedded gcc/bin/../lib/gcc/riscv-none-embed/8.2.0/../../../../riscv-none-embed/lib/rv32imafc/ilp32f\libg_nano.a(lib_a-fwalk.o)
                0x0000000000015c5c                _fwalk_reent
 .text._localeconv_r
                0x0000000000015cc8       0x18 c:/mounriver/mounriver_studio/toolchain/risc-v embedded gcc/bin/../lib/gcc/riscv-none-embed/8.2.0/../../../../riscv-none-embed/lib/rv32imafc/ilp32f\libg_nano.a(lib_a-localeconv.o)
                0x0000000000015cc8                _localeconv_r
 .text.__swhatbuf_r
                0x0000000000015ce0       0x5a c:/mounriver/mounriver_studio/toolchain/risc-v embedded gcc/bin/../lib/gcc/riscv-none-embed/8.2.0/../../../../riscv-none-embed/lib/rv32imafc/ilp32f\libg_nano.a(lib_a-makebuf.o)
                0x0000000000015ce0                __swhatbuf_r
 .text.__smakebuf_r
                0x0000000000015d3a       0xa2 c:/mounriver/mounriver_studio/toolchain/risc-v embedded gcc/bin/../lib/gcc/riscv-none-embed/8.2.0/../../../../riscv-none-embed/lib/rv32imafc/ilp32f\libg_nano.a(lib_a-makebuf.o)
                0x0000000000015d3a                __smakebuf_r
 .text.malloc   0x0000000000015ddc        0xc c:/mounriver/mounriver_studio/toolchain/risc-v embedded gcc/bin/../lib/gcc/riscv-none-embed/8.2.0/../../../../riscv-none-embed/lib/rv32imafc/ilp32f\libg_nano.a(lib_a-malloc.o)
                0x0000000000015ddc                malloc
 .text.memchr   0x0000000000015de8       0x1a c:/mounriver/mounriver_studio/toolchain/risc-v embedded gcc/bin/../lib/gcc/riscv-none-embed/8.2.0/../../../../riscv-none-embed/lib/rv32imafc/ilp32f\libg_nano.a(lib_a-memchr.o)
                0x0000000000015de8                memchr
 .text._Balloc  0x0000000000015e02       0x88 c:/mounriver/mounriver_studio/toolchain/risc-v embedded gcc/bin/../lib/gcc/riscv-none-embed/8.2.0/../../../../riscv-none-embed/lib/rv32imafc/ilp32f\libg_nano.a(lib_a-mprec.o)
                0x0000000000015e02                _Balloc
 .text._Bfree   0x0000000000015e8a       0x44 c:/mounriver/mounriver_studio/toolchain/risc-v embedded gcc/bin/../lib/gcc/riscv-none-embed/8.2.0/../../../../riscv-none-embed/lib/rv32imafc/ilp32f\libg_nano.a(lib_a-mprec.o)
                0x0000000000015e8a                _Bfree
 .text.__multadd
                0x0000000000015ece       0x98 c:/mounriver/mounriver_studio/toolchain/risc-v embedded gcc/bin/../lib/gcc/riscv-none-embed/8.2.0/../../../../riscv-none-embed/lib/rv32imafc/ilp32f\libg_nano.a(lib_a-mprec.o)
                0x0000000000015ece                __multadd
 .text.__hi0bits
                0x0000000000015f66       0x46 c:/mounriver/mounriver_studio/toolchain/risc-v embedded gcc/bin/../lib/gcc/riscv-none-embed/8.2.0/../../../../riscv-none-embed/lib/rv32imafc/ilp32f\libg_nano.a(lib_a-mprec.o)
                0x0000000000015f66                __hi0bits
 .text.__lo0bits
                0x0000000000015fac       0x6a c:/mounriver/mounriver_studio/toolchain/risc-v embedded gcc/bin/../lib/gcc/riscv-none-embed/8.2.0/../../../../riscv-none-embed/lib/rv32imafc/ilp32f\libg_nano.a(lib_a-mprec.o)
                0x0000000000015fac                __lo0bits
 .text.__i2b    0x0000000000016016       0x1c c:/mounriver/mounriver_studio/toolchain/risc-v embedded gcc/bin/../lib/gcc/riscv-none-embed/8.2.0/../../../../riscv-none-embed/lib/rv32imafc/ilp32f\libg_nano.a(lib_a-mprec.o)
                0x0000000000016016                __i2b
 .text.__multiply
                0x0000000000016032      0x144 c:/mounriver/mounriver_studio/toolchain/risc-v embedded gcc/bin/../lib/gcc/riscv-none-embed/8.2.0/../../../../riscv-none-embed/lib/rv32imafc/ilp32f\libg_nano.a(lib_a-mprec.o)
                0x0000000000016032                __multiply
 .text.__pow5mult
                0x0000000000016176       0xbe c:/mounriver/mounriver_studio/toolchain/risc-v embedded gcc/bin/../lib/gcc/riscv-none-embed/8.2.0/../../../../riscv-none-embed/lib/rv32imafc/ilp32f\libg_nano.a(lib_a-mprec.o)
                0x0000000000016176                __pow5mult
 .text.__lshift
                0x0000000000016234       0xce c:/mounriver/mounriver_studio/toolchain/risc-v embedded gcc/bin/../lib/gcc/riscv-none-embed/8.2.0/../../../../riscv-none-embed/lib/rv32imafc/ilp32f\libg_nano.a(lib_a-mprec.o)
                0x0000000000016234                __lshift
 .text.__mcmp   0x0000000000016302       0x32 c:/mounriver/mounriver_studio/toolchain/risc-v embedded gcc/bin/../lib/gcc/riscv-none-embed/8.2.0/../../../../riscv-none-embed/lib/rv32imafc/ilp32f\libg_nano.a(lib_a-mprec.o)
                0x0000000000016302                __mcmp
 .text.__mdiff  0x0000000000016334       0xf2 c:/mounriver/mounriver_studio/toolchain/risc-v embedded gcc/bin/../lib/gcc/riscv-none-embed/8.2.0/../../../../riscv-none-embed/lib/rv32imafc/ilp32f\libg_nano.a(lib_a-mprec.o)
                0x0000000000016334                __mdiff
 .text.__d2b    0x0000000000016426       0xd4 c:/mounriver/mounriver_studio/toolchain/risc-v embedded gcc/bin/../lib/gcc/riscv-none-embed/8.2.0/../../../../riscv-none-embed/lib/rv32imafc/ilp32f\libg_nano.a(lib_a-mprec.o)
                0x0000000000016426                __d2b
 .text._calloc_r
                0x00000000000164fa       0x26 c:/mounriver/mounriver_studio/toolchain/risc-v embedded gcc/bin/../lib/gcc/riscv-none-embed/8.2.0/../../../../riscv-none-embed/lib/rv32imafc/ilp32f\libg_nano.a(lib_a-nano-callocr.o)
                0x00000000000164fa                _calloc_r
 .text._free_r  0x0000000000016520       0xa8 c:/mounriver/mounriver_studio/toolchain/risc-v embedded gcc/bin/../lib/gcc/riscv-none-embed/8.2.0/../../../../riscv-none-embed/lib/rv32imafc/ilp32f\libg_nano.a(lib_a-nano-freer.o)
                0x0000000000016520                _free_r
 .text._malloc_r
                0x00000000000165c8       0xd4 c:/mounriver/mounriver_studio/toolchain/risc-v embedded gcc/bin/../lib/gcc/riscv-none-embed/8.2.0/../../../../riscv-none-embed/lib/rv32imafc/ilp32f\libg_nano.a(lib_a-nano-mallocr.o)
                0x00000000000165c8                _malloc_r
 .text.__ssputs_r
                0x000000000001669c       0xee c:/mounriver/mounriver_studio/toolchain/risc-v embedded gcc/bin/../lib/gcc/riscv-none-embed/8.2.0/../../../../riscv-none-embed/lib/rv32imafc/ilp32f\libg_nano.a(lib_a-nano-svfprintf.o)
                0x000000000001669c                __ssputs_r
 .text._svfprintf_r
                0x000000000001678a      0x27e c:/mounriver/mounriver_studio/toolchain/risc-v embedded gcc/bin/../lib/gcc/riscv-none-embed/8.2.0/../../../../riscv-none-embed/lib/rv32imafc/ilp32f\libg_nano.a(lib_a-nano-svfprintf.o)
                0x000000000001678a                _svfiprintf_r
                0x000000000001678a                _svfprintf_r
 .text.__sfputc_r
                0x0000000000016a08       0x2a c:/mounriver/mounriver_studio/toolchain/risc-v embedded gcc/bin/../lib/gcc/riscv-none-embed/8.2.0/../../../../riscv-none-embed/lib/rv32imafc/ilp32f\libg_nano.a(lib_a-nano-vfprintf.o)
 .text.__sfputs_r
                0x0000000000016a32       0x44 c:/mounriver/mounriver_studio/toolchain/risc-v embedded gcc/bin/../lib/gcc/riscv-none-embed/8.2.0/../../../../riscv-none-embed/lib/rv32imafc/ilp32f\libg_nano.a(lib_a-nano-vfprintf.o)
                0x0000000000016a32                __sfputs_r
 .text._vfprintf_r
                0x0000000000016a76      0x2a0 c:/mounriver/mounriver_studio/toolchain/risc-v embedded gcc/bin/../lib/gcc/riscv-none-embed/8.2.0/../../../../riscv-none-embed/lib/rv32imafc/ilp32f\libg_nano.a(lib_a-nano-vfprintf.o)
                0x0000000000016a76                _vfprintf_r
                0x0000000000016a76                _vfiprintf_r
 .text._sbrk_r  0x0000000000016d16       0x30 c:/mounriver/mounriver_studio/toolchain/risc-v embedded gcc/bin/../lib/gcc/riscv-none-embed/8.2.0/../../../../riscv-none-embed/lib/rv32imafc/ilp32f\libg_nano.a(lib_a-sbrkr.o)
                0x0000000000016d16                _sbrk_r
 .text.__sread  0x0000000000016d46       0x30 c:/mounriver/mounriver_studio/toolchain/risc-v embedded gcc/bin/../lib/gcc/riscv-none-embed/8.2.0/../../../../riscv-none-embed/lib/rv32imafc/ilp32f\libg_nano.a(lib_a-stdio.o)
                0x0000000000016d46                __sread
 .text.__swrite
                0x0000000000016d76       0x4e c:/mounriver/mounriver_studio/toolchain/risc-v embedded gcc/bin/../lib/gcc/riscv-none-embed/8.2.0/../../../../riscv-none-embed/lib/rv32imafc/ilp32f\libg_nano.a(lib_a-stdio.o)
                0x0000000000016d76                __swrite
 .text.__sseek  0x0000000000016dc4       0x36 c:/mounriver/mounriver_studio/toolchain/risc-v embedded gcc/bin/../lib/gcc/riscv-none-embed/8.2.0/../../../../riscv-none-embed/lib/rv32imafc/ilp32f\libg_nano.a(lib_a-stdio.o)
                0x0000000000016dc4                __sseek
 .text.__sclose
                0x0000000000016dfa        0x6 c:/mounriver/mounriver_studio/toolchain/risc-v embedded gcc/bin/../lib/gcc/riscv-none-embed/8.2.0/../../../../riscv-none-embed/lib/rv32imafc/ilp32f\libg_nano.a(lib_a-stdio.o)
                0x0000000000016dfa                __sclose
 .text._write_r
                0x0000000000016e00       0x36 c:/mounriver/mounriver_studio/toolchain/risc-v embedded gcc/bin/../lib/gcc/riscv-none-embed/8.2.0/../../../../riscv-none-embed/lib/rv32imafc/ilp32f\libg_nano.a(lib_a-writer.o)
                0x0000000000016e00                _write_r
 .text._close_r
                0x0000000000016e36       0x30 c:/mounriver/mounriver_studio/toolchain/risc-v embedded gcc/bin/../lib/gcc/riscv-none-embed/8.2.0/../../../../riscv-none-embed/lib/rv32imafc/ilp32f\libg_nano.a(lib_a-closer.o)
                0x0000000000016e36                _close_r
 .text._fstat_r
                0x0000000000016e66       0x32 c:/mounriver/mounriver_studio/toolchain/risc-v embedded gcc/bin/../lib/gcc/riscv-none-embed/8.2.0/../../../../riscv-none-embed/lib/rv32imafc/ilp32f\libg_nano.a(lib_a-fstatr.o)
                0x0000000000016e66                _fstat_r
 .text._isatty_r
                0x0000000000016e98       0x30 c:/mounriver/mounriver_studio/toolchain/risc-v embedded gcc/bin/../lib/gcc/riscv-none-embed/8.2.0/../../../../riscv-none-embed/lib/rv32imafc/ilp32f\libg_nano.a(lib_a-isattyr.o)
                0x0000000000016e98                _isatty_r
 .text._lseek_r
                0x0000000000016ec8       0x34 c:/mounriver/mounriver_studio/toolchain/risc-v embedded gcc/bin/../lib/gcc/riscv-none-embed/8.2.0/../../../../riscv-none-embed/lib/rv32imafc/ilp32f\libg_nano.a(lib_a-lseekr.o)
                0x0000000000016ec8                _lseek_r
 .text.__ascii_mbtowc
                0x0000000000016efc       0x3a c:/mounriver/mounriver_studio/toolchain/risc-v embedded gcc/bin/../lib/gcc/riscv-none-embed/8.2.0/../../../../riscv-none-embed/lib/rv32imafc/ilp32f\libg_nano.a(lib_a-mbtowc_r.o)
                0x0000000000016efc                __ascii_mbtowc
 .text.memmove  0x0000000000016f36       0x4a c:/mounriver/mounriver_studio/toolchain/risc-v embedded gcc/bin/../lib/gcc/riscv-none-embed/8.2.0/../../../../riscv-none-embed/lib/rv32imafc/ilp32f\libg_nano.a(lib_a-memmove.o)
                0x0000000000016f36                memmove
 .text.__malloc_lock
                0x0000000000016f80        0x2 c:/mounriver/mounriver_studio/toolchain/risc-v embedded gcc/bin/../lib/gcc/riscv-none-embed/8.2.0/../../../../riscv-none-embed/lib/rv32imafc/ilp32f\libg_nano.a(lib_a-mlock.o)
                0x0000000000016f80                __malloc_lock
 .text.__malloc_unlock
                0x0000000000016f82        0x2 c:/mounriver/mounriver_studio/toolchain/risc-v embedded gcc/bin/../lib/gcc/riscv-none-embed/8.2.0/../../../../riscv-none-embed/lib/rv32imafc/ilp32f\libg_nano.a(lib_a-mlock.o)
                0x0000000000016f82                __malloc_unlock
 .text._realloc_r
                0x0000000000016f84       0x58 c:/mounriver/mounriver_studio/toolchain/risc-v embedded gcc/bin/../lib/gcc/riscv-none-embed/8.2.0/../../../../riscv-none-embed/lib/rv32imafc/ilp32f\libg_nano.a(lib_a-nano-reallocr.o)
                0x0000000000016f84                _realloc_r
 .text._read_r  0x0000000000016fdc       0x34 c:/mounriver/mounriver_studio/toolchain/risc-v embedded gcc/bin/../lib/gcc/riscv-none-embed/8.2.0/../../../../riscv-none-embed/lib/rv32imafc/ilp32f\libg_nano.a(lib_a-readr.o)
                0x0000000000016fdc                _read_r
 .text.__ascii_wctomb
                0x0000000000017010       0x20 c:/mounriver/mounriver_studio/toolchain/risc-v embedded gcc/bin/../lib/gcc/riscv-none-embed/8.2.0/../../../../riscv-none-embed/lib/rv32imafc/ilp32f\libg_nano.a(lib_a-wctomb_r.o)
                0x0000000000017010                __ascii_wctomb
 .text._malloc_usable_size_r
                0x0000000000017030       0x14 c:/mounriver/mounriver_studio/toolchain/risc-v embedded gcc/bin/../lib/gcc/riscv-none-embed/8.2.0/../../../../riscv-none-embed/lib/rv32imafc/ilp32f\libg_nano.a(lib_a-nano-msizer.o)
                0x0000000000017030                _malloc_usable_size_r
 .text.__trunctfdf2
                0x0000000000017044      0x3d0 c:/mounriver/mounriver_studio/toolchain/risc-v embedded gcc/bin/../lib/gcc/riscv-none-embed/8.2.0/rv32imafc/ilp32f\libgcc.a(trunctfdf2.o)
                0x0000000000017044                __trunctfdf2
 .text._close   0x0000000000017414       0x10 c:/mounriver/mounriver_studio/toolchain/risc-v embedded gcc/bin/../lib/gcc/riscv-none-embed/8.2.0/../../../../riscv-none-embed/lib/rv32imafc/ilp32f\libnosys.a(close.o)
                0x0000000000017414                _close
 .text._fstat   0x0000000000017424       0x10 c:/mounriver/mounriver_studio/toolchain/risc-v embedded gcc/bin/../lib/gcc/riscv-none-embed/8.2.0/../../../../riscv-none-embed/lib/rv32imafc/ilp32f\libnosys.a(fstat.o)
                0x0000000000017424                _fstat
 .text._isatty  0x0000000000017434       0x10 c:/mounriver/mounriver_studio/toolchain/risc-v embedded gcc/bin/../lib/gcc/riscv-none-embed/8.2.0/../../../../riscv-none-embed/lib/rv32imafc/ilp32f\libnosys.a(isatty.o)
                0x0000000000017434                _isatty
 .text._lseek   0x0000000000017444       0x10 c:/mounriver/mounriver_studio/toolchain/risc-v embedded gcc/bin/../lib/gcc/riscv-none-embed/8.2.0/../../../../riscv-none-embed/lib/rv32imafc/ilp32f\libnosys.a(lseek.o)
                0x0000000000017444                _lseek
 .text._read    0x0000000000017454       0x10 c:/mounriver/mounriver_studio/toolchain/risc-v embedded gcc/bin/../lib/gcc/riscv-none-embed/8.2.0/../../../../riscv-none-embed/lib/rv32imafc/ilp32f\libnosys.a(read.o)
                0x0000000000017454                _read
 .text._sbrk    0x0000000000017464       0x24 c:/mounriver/mounriver_studio/toolchain/risc-v embedded gcc/bin/../lib/gcc/riscv-none-embed/8.2.0/../../../../riscv-none-embed/lib/rv32imafc/ilp32f\libnosys.a(sbrk.o)
                0x0000000000017464                _sbrk
 *(.rodata)
 .rodata        0x0000000000017488       0x9a ./zf_driver/zf_driver_encoder.o
 *fill*         0x0000000000017522        0x2 
 .rodata        0x0000000000017524       0xbe ./zf_driver/zf_driver_pit.o
 *fill*         0x00000000000175e2        0x2 
 .rodata        0x00000000000175e4       0x96 ./zf_driver/zf_driver_pwm.o
 *fill*         0x000000000001767a        0x2 
 .rodata        0x000000000001767c       0x9b ./zf_driver/zf_driver_soft_iic.o
 *fill*         0x0000000000017717        0x1 
 .rodata        0x0000000000017718       0x96 ./zf_driver/zf_driver_spi.o
 *fill*         0x00000000000177ae        0x2 
 .rodata        0x00000000000177b0       0x97 ./zf_driver/zf_driver_uart.o
 *fill*         0x0000000000017847        0x1 
 .rodata        0x0000000000017848        0x8 ./zf_device/zf_device_dm1xa.o
 .rodata        0x0000000000017850       0xf0 ./zf_device/zf_device_gps_tau1201.o
 .rodata        0x0000000000017940       0xd8 ./zf_device/zf_device_imu660ra.o
 .rodata        0x0000000000017a18       0x96 ./zf_device/zf_device_key.o
 *fill*         0x0000000000017aae        0x2 
 .rodata        0x0000000000017ab0       0xd6 ./zf_device/zf_device_mt9v03x_dvp.o
 *fill*         0x0000000000017b86        0x2 
 .rodata        0x0000000000017b88       0xb0 ./zf_device/zf_device_tft180.o
 .rodata        0x0000000000017c38       0x78 ./zf_common/zf_common_debug.o
 .rodata        0x0000000000017cb0       0x97 ./zf_common/zf_common_fifo.o
 *fill*         0x0000000000017d47        0x1 
 .rodata        0x0000000000017d48       0xd8 ./zf_common/zf_common_function.o
 .rodata        0x0000000000017e20        0x4 ./user_c/isr.o
 .rodata        0x0000000000017e24       0x41 ./sdk/Peripheral/ch32v30x_usbotg_device.o
 *fill*         0x0000000000017e65        0x3 
 .rodata        0x0000000000017e68       0x20 ./code/camera.o
 .rodata        0x0000000000017e88       0x2c ./code/gyro.o
 *fill*         0x0000000000017eb4        0x4 
 .rodata        0x0000000000017eb8       0x50 ./code/image.o
 .rodata        0x0000000000017f08       0x40 ./code/motor.o
 .rodata        0x0000000000017f48       0x70 ./code/tft_show.o
 *(.rodata*)
 .rodata.encoder_get_count
                0x0000000000017fb8       0x28 ./zf_driver/zf_driver_encoder.o
 .rodata.encoder_clear_count
                0x0000000000017fe0       0x28 ./zf_driver/zf_driver_encoder.o
 .rodata.encoder_quad_init
                0x0000000000018008       0x28 ./zf_driver/zf_driver_encoder.o
 .rodata.pit_init
                0x0000000000018030       0x28 ./zf_driver/zf_driver_pit.o
 .rodata.pwm_set_duty
                0x0000000000018058       0x28 ./zf_driver/zf_driver_pwm.o
 .rodata.pwm_init
                0x0000000000018080       0x28 ./zf_driver/zf_driver_pwm.o
 .rodata.spi_index
                0x00000000000180a8        0xc ./zf_driver/zf_driver_spi.o
                0x00000000000180a8                spi_index
 .rodata.timer_get
                0x00000000000180b4       0x28 ./zf_driver/zf_driver_timer.o
 .rodata.timer_clear
                0x00000000000180dc       0x28 ./zf_driver/zf_driver_timer.o
 .rodata.uart_index
                0x0000000000018104       0x20 ./zf_driver/zf_driver_uart.o
                0x0000000000018104                uart_index
 .rodata.key_index
                0x0000000000018124       0x10 ./zf_device/zf_device_key.o
 .rodata.ascii_font_8x16
                0x0000000000018134      0x5f0 ./zf_common/zf_common_font.o
                0x0000000000018134                ascii_font_8x16
 .rodata.ascii_font_6x8
                0x0000000000018724      0x228 ./zf_common/zf_common_font.o
                0x0000000000018724                ascii_font_6x8
 .rodata.MyDevDescrHD
                0x000000000001894c       0x12 ./sdk/Peripheral/ch32v30x_usbotg_device.o
                0x000000000001894c                MyDevDescrHD
 *fill*         0x000000000001895e        0x2 
 .rodata.MyCfgDescrHD
                0x0000000000018960       0x43 ./sdk/Peripheral/ch32v30x_usbotg_device.o
                0x0000000000018960                MyCfgDescrHD
 *fill*         0x00000000000189a3        0x1 
 .rodata.MyReportDescHD
                0x00000000000189a4       0x14 ./sdk/Peripheral/ch32v30x_usbotg_device.o
                0x00000000000189a4                MyReportDescHD
 .rodata.MyManuInfoHD
                0x00000000000189b8        0xe ./sdk/Peripheral/ch32v30x_usbotg_device.o
                0x00000000000189b8                MyManuInfoHD
 *fill*         0x00000000000189c6        0x2 
 .rodata.MyProdInfoHD
                0x00000000000189c8        0xc ./sdk/Peripheral/ch32v30x_usbotg_device.o
                0x00000000000189c8                MyProdInfoHD
 .rodata.MySerNumInfoHD
                0x00000000000189d4       0x16 ./sdk/Peripheral/ch32v30x_usbotg_device.o
                0x00000000000189d4                MySerNumInfoHD
 *fill*         0x00000000000189ea        0x2 
 .rodata.MyUSBQUADescHD
                0x00000000000189ec        0xa ./sdk/Peripheral/ch32v30x_usbotg_device.o
                0x00000000000189ec                MyUSBQUADescHD
 *fill*         0x00000000000189f6        0x2 
 .rodata.OTG_FS_IRQHandler
                0x00000000000189f8       0xbc ./sdk/Peripheral/ch32v30x_usbotg_device.o
 .rodata.Weight
                0x0000000000018ab4       0x78 ./code/camera.o
                0x0000000000018ab4                Weight
 .rodata.imu660ra_config_file
                0x0000000000018b2c     0x2000 C:\Users\zf\Desktop\能跑就行\CHV307_Library-master\CHV307_Library-master\Seekfree_CH32V307VCT6_Opensource_Library\libraries\zf_device\libzf_device_config.a(zf_device_config.o)
                0x0000000000018b2c                imu660ra_config_file
 .rodata.__divdf3
                0x000000000001ab2c       0x40 c:/mounriver/mounriver_studio/toolchain/risc-v embedded gcc/bin/../lib/gcc/riscv-none-embed/8.2.0/rv32imafc/ilp32f\libgcc.a(divdf3.o)
 .rodata.__muldf3
                0x000000000001ab6c       0x40 c:/mounriver/mounriver_studio/toolchain/risc-v embedded gcc/bin/../lib/gcc/riscv-none-embed/8.2.0/rv32imafc/ilp32f\libgcc.a(muldf3.o)
 .rodata.__clz_tab
                0x000000000001abac      0x100 c:/mounriver/mounriver_studio/toolchain/risc-v embedded gcc/bin/../lib/gcc/riscv-none-embed/8.2.0/rv32imafc/ilp32f\libgcc.a(_clz.o)
                0x000000000001abac                __clz_tab
 *fill*         0x000000000001acac        0x4 
 .rodata._printf_float.cst8
                0x000000000001acb0        0x8 c:/mounriver/mounriver_studio/toolchain/risc-v embedded gcc/bin/../lib/gcc/riscv-none-embed/8.2.0/../../../../riscv-none-embed/lib/rv32imafc/ilp32f\libg_nano.a(lib_a-nano-vfprintf_float.o)
 .rodata._printf_float.str1.4
                0x000000000001acb8       0x12 c:/mounriver/mounriver_studio/toolchain/risc-v embedded gcc/bin/../lib/gcc/riscv-none-embed/8.2.0/../../../../riscv-none-embed/lib/rv32imafc/ilp32f\libg_nano.a(lib_a-nano-vfprintf_float.o)
 *fill*         0x000000000001acca        0x2 
 .rodata._printf_i.str1.4
                0x000000000001accc       0x25 c:/mounriver/mounriver_studio/toolchain/risc-v embedded gcc/bin/../lib/gcc/riscv-none-embed/8.2.0/../../../../riscv-none-embed/lib/rv32imafc/ilp32f\libg_nano.a(lib_a-nano-vfprintf_i.o)
 *fill*         0x000000000001acf1        0x7 
 .rodata._dtoa_r.cst8
                0x000000000001acf8       0x48 c:/mounriver/mounriver_studio/toolchain/risc-v embedded gcc/bin/../lib/gcc/riscv-none-embed/8.2.0/../../../../riscv-none-embed/lib/rv32imafc/ilp32f\libg_nano.a(lib_a-dtoa.o)
 .rodata._dtoa_r.str1.4
                0x000000000001ad40       0x10 c:/mounriver/mounriver_studio/toolchain/risc-v embedded gcc/bin/../lib/gcc/riscv-none-embed/8.2.0/../../../../riscv-none-embed/lib/rv32imafc/ilp32f\libg_nano.a(lib_a-dtoa.o)
                                         0x12 (size before relaxing)
 .rodata.__sf_fake_stderr
                0x000000000001ad50       0x20 c:/mounriver/mounriver_studio/toolchain/risc-v embedded gcc/bin/../lib/gcc/riscv-none-embed/8.2.0/../../../../riscv-none-embed/lib/rv32imafc/ilp32f\libg_nano.a(lib_a-findfp.o)
                0x000000000001ad50                __sf_fake_stderr
 .rodata.__sf_fake_stdin
                0x000000000001ad70       0x20 c:/mounriver/mounriver_studio/toolchain/risc-v embedded gcc/bin/../lib/gcc/riscv-none-embed/8.2.0/../../../../riscv-none-embed/lib/rv32imafc/ilp32f\libg_nano.a(lib_a-findfp.o)
                0x000000000001ad70                __sf_fake_stdin
 .rodata.__sf_fake_stdout
                0x000000000001ad90       0x20 c:/mounriver/mounriver_studio/toolchain/risc-v embedded gcc/bin/../lib/gcc/riscv-none-embed/8.2.0/../../../../riscv-none-embed/lib/rv32imafc/ilp32f\libg_nano.a(lib_a-findfp.o)
                0x000000000001ad90                __sf_fake_stdout
 .rodata.__mprec_bigtens
                0x000000000001adb0       0x28 c:/mounriver/mounriver_studio/toolchain/risc-v embedded gcc/bin/../lib/gcc/riscv-none-embed/8.2.0/../../../../riscv-none-embed/lib/rv32imafc/ilp32f\libg_nano.a(lib_a-mprec.o)
                0x000000000001adb0                __mprec_bigtens
 .rodata.__mprec_tens
                0x000000000001add8       0xc8 c:/mounriver/mounriver_studio/toolchain/risc-v embedded gcc/bin/../lib/gcc/riscv-none-embed/8.2.0/../../../../riscv-none-embed/lib/rv32imafc/ilp32f\libg_nano.a(lib_a-mprec.o)
                0x000000000001add8                __mprec_tens
 .rodata.p05.3321
                0x000000000001aea0        0xc c:/mounriver/mounriver_studio/toolchain/risc-v embedded gcc/bin/../lib/gcc/riscv-none-embed/8.2.0/../../../../riscv-none-embed/lib/rv32imafc/ilp32f\libg_nano.a(lib_a-mprec.o)
 .rodata._svfprintf_r.str1.4
                0x000000000001aeac       0x13 c:/mounriver/mounriver_studio/toolchain/risc-v embedded gcc/bin/../lib/gcc/riscv-none-embed/8.2.0/../../../../riscv-none-embed/lib/rv32imafc/ilp32f\libg_nano.a(lib_a-nano-svfprintf.o)
 .rodata._vfprintf_r.str1.4
                0x000000000001aebf       0x13 c:/mounriver/mounriver_studio/toolchain/risc-v embedded gcc/bin/../lib/gcc/riscv-none-embed/8.2.0/../../../../riscv-none-embed/lib/rv32imafc/ilp32f\libg_nano.a(lib_a-nano-vfprintf.o)
 *fill*         0x000000000001aebf        0x1 
 .rodata._setlocale_r.str1.4
                0x000000000001aec0        0xa c:/mounriver/mounriver_studio/toolchain/risc-v embedded gcc/bin/../lib/gcc/riscv-none-embed/8.2.0/../../../../riscv-none-embed/lib/rv32imafc/ilp32f\libg_nano.a(lib_a-locale.o)
                                          0xd (size before relaxing)
 *fill*         0x000000000001aeca        0x2 
 .rodata.str1.4
                0x000000000001aecc        0x4 c:/mounriver/mounriver_studio/toolchain/risc-v embedded gcc/bin/../lib/gcc/riscv-none-embed/8.2.0/../../../../riscv-none-embed/lib/rv32imafc/ilp32f\libg_nano.a(lib_a-locale.o)
                                          0x2 (size before relaxing)
 .rodata._ctype_
                0x000000000001aed0      0x101 c:/mounriver/mounriver_studio/toolchain/risc-v embedded gcc/bin/../lib/gcc/riscv-none-embed/8.2.0/../../../../riscv-none-embed/lib/rv32imafc/ilp32f\libg_nano.a(lib_a-ctype_.o)
                0x000000000001aed0                _ctype_
 *(.glue_7)
 *(.glue_7t)
 *(.gnu.linkonce.t.*)
                0x000000000001afd4                . = ALIGN (0x4)
 *fill*         0x000000000001afd1        0x3 

.rela.dyn       0x000000000001afd4        0x0
 .rela.init     0x000000000001afd4        0x0 ./zf_driver/zf_driver_delay.o
 .rela.vector   0x000000000001afd4        0x0 ./zf_driver/zf_driver_delay.o
 .rela.text.handle_reset
                0x000000000001afd4        0x0 ./zf_driver/zf_driver_delay.o
 .rela.text._svfprintf_r
                0x000000000001afd4        0x0 ./zf_driver/zf_driver_delay.o
 .rela.text._vfprintf_r
                0x000000000001afd4        0x0 ./zf_driver/zf_driver_delay.o
 .rela.text._sbrk_r
                0x000000000001afd4        0x0 ./zf_driver/zf_driver_delay.o
 .rela.text._write_r
                0x000000000001afd4        0x0 ./zf_driver/zf_driver_delay.o
 .rela.text._close_r
                0x000000000001afd4        0x0 ./zf_driver/zf_driver_delay.o
 .rela.text._fstat_r
                0x000000000001afd4        0x0 ./zf_driver/zf_driver_delay.o
 .rela.text._isatty_r
                0x000000000001afd4        0x0 ./zf_driver/zf_driver_delay.o
 .rela.text._lseek_r
                0x000000000001afd4        0x0 ./zf_driver/zf_driver_delay.o
 .rela.text._read_r
                0x000000000001afd4        0x0 ./zf_driver/zf_driver_delay.o
 .rela.text._close
                0x000000000001afd4        0x0 ./zf_driver/zf_driver_delay.o
 .rela.text._fstat
                0x000000000001afd4        0x0 ./zf_driver/zf_driver_delay.o
 .rela.text._isatty
                0x000000000001afd4        0x0 ./zf_driver/zf_driver_delay.o
 .rela.text._lseek
                0x000000000001afd4        0x0 ./zf_driver/zf_driver_delay.o
 .rela.text._read
                0x000000000001afd4        0x0 ./zf_driver/zf_driver_delay.o
 .rela.text._sbrk
                0x000000000001afd4        0x0 ./zf_driver/zf_driver_delay.o

.fini           0x000000000001afd4        0x0
 *(SORT_NONE(.fini))
                0x000000000001afd4                . = ALIGN (0x4)
                [!provide]                        PROVIDE (_etext = .)
                [!provide]                        PROVIDE (_eitcm = .)

.preinit_array  0x000000000001afd4        0x0
                [!provide]                        PROVIDE (__preinit_array_start = .)
 *(.preinit_array)
                [!provide]                        PROVIDE (__preinit_array_end = .)

.init_array     0x000000000001afd4        0x0
                [!provide]                        PROVIDE (__init_array_start = .)
 *(SORT_BY_INIT_PRIORITY(.init_array.*) SORT_BY_INIT_PRIORITY(.ctors.*))
 *(.init_array EXCLUDE_FILE(*crtend?.o *crtend.o *crtbegin?.o *crtbegin.o) .ctors)
                [!provide]                        PROVIDE (__init_array_end = .)

.fini_array     0x000000000001afd4        0x0
                [!provide]                        PROVIDE (__fini_array_start = .)
 *(SORT_BY_INIT_PRIORITY(.fini_array.*) SORT_BY_INIT_PRIORITY(.dtors.*))
 *(.fini_array EXCLUDE_FILE(*crtend?.o *crtend.o *crtbegin?.o *crtbegin.o) .dtors)
                [!provide]                        PROVIDE (__fini_array_end = .)

.ctors
 *crtbegin.o(.ctors)
 *crtbegin?.o(.ctors)
 *(EXCLUDE_FILE(*crtend?.o *crtend.o) .ctors)
 *(SORT_BY_NAME(.ctors.*))
 *(.ctors)

.dtors
 *crtbegin.o(.dtors)
 *crtbegin?.o(.dtors)
 *(EXCLUDE_FILE(*crtend?.o *crtend.o) .dtors)
 *(SORT_BY_NAME(.dtors.*))
 *(.dtors)

.dalign         0x0000000020000040        0x0 load address 0x000000000001afd4
                0x0000000020000040                . = ALIGN (0x4)
                0x0000000020000040                PROVIDE (_data_vma = .)

.dlalign        0x000000000001afd4        0x0
                0x000000000001afd4                . = ALIGN (0x4)
                0x000000000001afd4                PROVIDE (_data_lma = .)

.data           0x0000000020000040      0x310 load address 0x000000000001afd4
 *(.gnu.linkonce.r.*)
 *(.data .data.*)
 .data.encoder_dir_pin
                0x0000000020000040        0xa ./zf_driver/zf_driver_encoder.o
 *fill*         0x000000002000004a        0x2 
 .data.gpio_group
                0x000000002000004c       0x14 ./zf_driver/zf_driver_gpio.o
                0x000000002000004c                gpio_group
 .data.mt9v03x_set_confing_buffer
                0x0000000020000060       0x28 ./zf_device/zf_device_mt9v03x_dvp.o
 .data.mt9v03x_get_confing_buffer
                0x0000000020000088       0x24 ./zf_device/zf_device_mt9v03x_dvp.o
 .data.APBAHBPrescTable
                0x00000000200000ac       0x10 ./sdk/Peripheral/ch32v30x_rcc.o
 .data.TAB_USB_FS_OSC_DESC
                0x00000000200000bc       0x43 ./sdk/Peripheral/ch32v30x_usbotg_device.o
                0x00000000200000bc                TAB_USB_FS_OSC_DESC
 *fill*         0x00000000200000ff        0x1 
 .data.seeds_l.8227
                0x0000000020000100       0x10 ./code/image.o
 .data.seeds_r.8233
                0x0000000020000110       0x10 ./code/image.o
 .data.impure_data
                0x0000000020000120       0x60 c:/mounriver/mounriver_studio/toolchain/risc-v embedded gcc/bin/../lib/gcc/riscv-none-embed/8.2.0/../../../../riscv-none-embed/lib/rv32imafc/ilp32f\libg_nano.a(lib_a-impure.o)
 .data.__global_locale
                0x0000000020000180      0x16c c:/mounriver/mounriver_studio/toolchain/risc-v embedded gcc/bin/../lib/gcc/riscv-none-embed/8.2.0/../../../../riscv-none-embed/lib/rv32imafc/ilp32f\libg_nano.a(lib_a-locale.o)
                0x0000000020000180                __global_locale
 *(.gnu.linkonce.d.*)
                0x00000000200002f0                . = ALIGN (0x8)
 *fill*         0x00000000200002ec        0x4 
                0x0000000020000af0                PROVIDE (__global_pointer$ = (. + 0x800))
 *(.sdata .sdata.*)
 .sdata.dm1xa_distance_mm
                0x00000000200002f0        0x2 ./zf_device/zf_device_dm1xa.o
 *fill*         0x00000000200002f2        0x2 
 .sdata.imu660ra_transition_factor
                0x00000000200002f4        0x8 ./zf_device/zf_device_imu660ra.o
                0x00000000200002f4                imu660ra_transition_factor
 .sdata.tft180_pencolor
                0x00000000200002fc        0x2 ./zf_device/zf_device_tft180.o
 .sdata.tft180_bgcolor
                0x00000000200002fe        0x2 ./zf_device/zf_device_tft180.o
 .sdata.tft180_display_font
                0x0000000020000300        0x4 ./zf_device/zf_device_tft180.o
 .sdata.tft180_x_max
                0x0000000020000304        0x1 ./zf_device/zf_device_tft180.o
 .sdata.tft180_y_max
                0x0000000020000305        0x1 ./zf_device/zf_device_tft180.o
 *fill*         0x0000000020000306        0x2 
 .sdata.camera_uart_handler
                0x0000000020000308        0x4 ./zf_device/zf_device_type.o
                0x0000000020000308                camera_uart_handler
 .sdata.camera_dvp_handler
                0x000000002000030c        0x4 ./zf_device/zf_device_type.o
                0x000000002000030c                camera_dvp_handler
 .sdata.wireless_module_uart_handler
                0x0000000020000310        0x4 ./zf_device/zf_device_type.o
                0x0000000020000310                wireless_module_uart_handler
 .sdata.tof_module_exti_handler
                0x0000000020000314        0x4 ./zf_device/zf_device_type.o
                0x0000000020000314                tof_module_exti_handler
 .sdata.system_clock
                0x0000000020000318        0x4 ./zf_common/zf_common_clock.o
                0x0000000020000318                system_clock
 .sdata.zf_debug_assert_enable
                0x000000002000031c        0x1 ./zf_common/zf_common_debug.o
 *fill*         0x000000002000031d        0x3 
 .sdata.ADCPrescTable